<?xml version="1.0" encoding="ISO-8859-1" ?>
<link_info>
   <banner>MSP430 Linker PC v21.6.1.LTS</banner>
   <copyright>Copyright (c) 2003-2018 Texas Instruments Incorporated</copyright>
   <link_time>0x66e0fa67</link_time>
   <link_errors>0x0</link_errors>
   <output_file>controller.out</output_file>
   <entry_point>
      <name>_c_int00_noargs</name>
      <address>0x4468</address>
   </entry_point>
   <input_file_list>
      <input_file id="fl-2">
         <path>.\</path>
         <kind>object</kind>
         <file>main.obj</file>
         <name>main.obj</name>
      </input_file>
      <input_file id="fl-3">
         <path>.\key\</path>
         <kind>object</kind>
         <file>key.obj</file>
         <name>key.obj</name>
      </input_file>
      <input_file id="fl-4">
         <path>.\mpu6050\</path>
         <kind>object</kind>
         <file>gpio.obj</file>
         <name>gpio.obj</name>
      </input_file>
      <input_file id="fl-5">
         <path>.\mpu6050\</path>
         <kind>object</kind>
         <file>mpu6050.obj</file>
         <name>mpu6050.obj</name>
      </input_file>
      <input_file id="fl-6">
         <path>.\oled\</path>
         <kind>object</kind>
         <file>oled.obj</file>
         <name>oled.obj</name>
      </input_file>
      <input_file id="fl-7">
         <path>.\system\</path>
         <kind>object</kind>
         <file>usart.obj</file>
         <name>usart.obj</name>
      </input_file>
      <input_file id="fl-d">
         <kind>object</kind>
         <file>&lt;internal&gt;</file>
         <name>&lt;internal&gt;</name>
      </input_file>
      <input_file id="fl-28">
         <path>D:\ti\ccs1271\ccs\tools\compiler\ti-cgt-msp430_21.6.1.LTS\lib\</path>
         <kind>archive</kind>
         <file>rts430x_lc_rd_eabi.lib</file>
         <name>sprintf.c.obj</name>
      </input_file>
      <input_file id="fl-29">
         <path>D:\ti\ccs1271\ccs\tools\compiler\ti-cgt-msp430_21.6.1.LTS\lib\</path>
         <kind>archive</kind>
         <file>rts430x_lc_rd_eabi.lib</file>
         <name>div16s.asm.obj</name>
      </input_file>
      <input_file id="fl-2a">
         <path>D:\ti\ccs1271\ccs\tools\compiler\ti-cgt-msp430_21.6.1.LTS\lib\</path>
         <kind>archive</kind>
         <file>rts430x_lc_rd_eabi.lib</file>
         <name>div16u.asm.obj</name>
      </input_file>
      <input_file id="fl-2b">
         <path>D:\ti\ccs1271\ccs\tools\compiler\ti-cgt-msp430_21.6.1.LTS\lib\</path>
         <kind>archive</kind>
         <file>rts430x_lc_rd_eabi.lib</file>
         <name>div32u.asm.obj</name>
      </input_file>
      <input_file id="fl-2c">
         <path>D:\ti\ccs1271\ccs\tools\compiler\ti-cgt-msp430_21.6.1.LTS\lib\</path>
         <kind>archive</kind>
         <file>rts430x_lc_rd_eabi.lib</file>
         <name>fs_add.asm.obj</name>
      </input_file>
      <input_file id="fl-2d">
         <path>D:\ti\ccs1271\ccs\tools\compiler\ti-cgt-msp430_21.6.1.LTS\lib\</path>
         <kind>archive</kind>
         <file>rts430x_lc_rd_eabi.lib</file>
         <name>fs_cmp.asm.obj</name>
      </input_file>
      <input_file id="fl-2e">
         <path>D:\ti\ccs1271\ccs\tools\compiler\ti-cgt-msp430_21.6.1.LTS\lib\</path>
         <kind>archive</kind>
         <file>rts430x_lc_rd_eabi.lib</file>
         <name>fs_div.asm.obj</name>
      </input_file>
      <input_file id="fl-2f">
         <path>D:\ti\ccs1271\ccs\tools\compiler\ti-cgt-msp430_21.6.1.LTS\lib\</path>
         <kind>archive</kind>
         <file>rts430x_lc_rd_eabi.lib</file>
         <name>fs_itof.asm.obj</name>
      </input_file>
      <input_file id="fl-30">
         <path>D:\ti\ccs1271\ccs\tools\compiler\ti-cgt-msp430_21.6.1.LTS\lib\</path>
         <kind>archive</kind>
         <file>rts430x_lc_rd_eabi.lib</file>
         <name>fs_neg.asm.obj</name>
      </input_file>
      <input_file id="fl-31">
         <path>D:\ti\ccs1271\ccs\tools\compiler\ti-cgt-msp430_21.6.1.LTS\lib\</path>
         <kind>archive</kind>
         <file>rts430x_lc_rd_eabi.lib</file>
         <name>int41.asm.obj</name>
      </input_file>
      <input_file id="fl-32">
         <path>D:\ti\ccs1271\ccs\tools\compiler\ti-cgt-msp430_21.6.1.LTS\lib\</path>
         <kind>archive</kind>
         <file>rts430x_lc_rd_eabi.lib</file>
         <name>int43.asm.obj</name>
      </input_file>
      <input_file id="fl-33">
         <path>D:\ti\ccs1271\ccs\tools\compiler\ti-cgt-msp430_21.6.1.LTS\lib\</path>
         <kind>archive</kind>
         <file>rts430x_lc_rd_eabi.lib</file>
         <name>int44.asm.obj</name>
      </input_file>
      <input_file id="fl-34">
         <path>D:\ti\ccs1271\ccs\tools\compiler\ti-cgt-msp430_21.6.1.LTS\lib\</path>
         <kind>archive</kind>
         <file>rts430x_lc_rd_eabi.lib</file>
         <name>int45.asm.obj</name>
      </input_file>
      <input_file id="fl-35">
         <path>D:\ti\ccs1271\ccs\tools\compiler\ti-cgt-msp430_21.6.1.LTS\lib\</path>
         <kind>archive</kind>
         <file>rts430x_lc_rd_eabi.lib</file>
         <name>int46.asm.obj</name>
      </input_file>
      <input_file id="fl-36">
         <path>D:\ti\ccs1271\ccs\tools\compiler\ti-cgt-msp430_21.6.1.LTS\lib\</path>
         <kind>archive</kind>
         <file>rts430x_lc_rd_eabi.lib</file>
         <name>int47.asm.obj</name>
      </input_file>
      <input_file id="fl-37">
         <path>D:\ti\ccs1271\ccs\tools\compiler\ti-cgt-msp430_21.6.1.LTS\lib\</path>
         <kind>archive</kind>
         <file>rts430x_lc_rd_eabi.lib</file>
         <name>int48.asm.obj</name>
      </input_file>
      <input_file id="fl-38">
         <path>D:\ti\ccs1271\ccs\tools\compiler\ti-cgt-msp430_21.6.1.LTS\lib\</path>
         <kind>archive</kind>
         <file>rts430x_lc_rd_eabi.lib</file>
         <name>int50.asm.obj</name>
      </input_file>
      <input_file id="fl-39">
         <path>D:\ti\ccs1271\ccs\tools\compiler\ti-cgt-msp430_21.6.1.LTS\lib\</path>
         <kind>archive</kind>
         <file>rts430x_lc_rd_eabi.lib</file>
         <name>int51.asm.obj</name>
      </input_file>
      <input_file id="fl-3a">
         <path>D:\ti\ccs1271\ccs\tools\compiler\ti-cgt-msp430_21.6.1.LTS\lib\</path>
         <kind>archive</kind>
         <file>rts430x_lc_rd_eabi.lib</file>
         <name>int52.asm.obj</name>
      </input_file>
      <input_file id="fl-3b">
         <path>D:\ti\ccs1271\ccs\tools\compiler\ti-cgt-msp430_21.6.1.LTS\lib\</path>
         <kind>archive</kind>
         <file>rts430x_lc_rd_eabi.lib</file>
         <name>int53.asm.obj</name>
      </input_file>
      <input_file id="fl-3c">
         <path>D:\ti\ccs1271\ccs\tools\compiler\ti-cgt-msp430_21.6.1.LTS\lib\</path>
         <kind>archive</kind>
         <file>rts430x_lc_rd_eabi.lib</file>
         <name>int54.asm.obj</name>
      </input_file>
      <input_file id="fl-3d">
         <path>D:\ti\ccs1271\ccs\tools\compiler\ti-cgt-msp430_21.6.1.LTS\lib\</path>
         <kind>archive</kind>
         <file>rts430x_lc_rd_eabi.lib</file>
         <name>int55.asm.obj</name>
      </input_file>
      <input_file id="fl-3e">
         <path>D:\ti\ccs1271\ccs\tools\compiler\ti-cgt-msp430_21.6.1.LTS\lib\</path>
         <kind>archive</kind>
         <file>rts430x_lc_rd_eabi.lib</file>
         <name>int57.asm.obj</name>
      </input_file>
      <input_file id="fl-3f">
         <path>D:\ti\ccs1271\ccs\tools\compiler\ti-cgt-msp430_21.6.1.LTS\lib\</path>
         <kind>archive</kind>
         <file>rts430x_lc_rd_eabi.lib</file>
         <name>int58.asm.obj</name>
      </input_file>
      <input_file id="fl-40">
         <path>D:\ti\ccs1271\ccs\tools\compiler\ti-cgt-msp430_21.6.1.LTS\lib\</path>
         <kind>archive</kind>
         <file>rts430x_lc_rd_eabi.lib</file>
         <name>int59.asm.obj</name>
      </input_file>
      <input_file id="fl-41">
         <path>D:\ti\ccs1271\ccs\tools\compiler\ti-cgt-msp430_21.6.1.LTS\lib\</path>
         <kind>archive</kind>
         <file>rts430x_lc_rd_eabi.lib</file>
         <name>int60.asm.obj</name>
      </input_file>
      <input_file id="fl-42">
         <path>D:\ti\ccs1271\ccs\tools\compiler\ti-cgt-msp430_21.6.1.LTS\lib\</path>
         <kind>archive</kind>
         <file>rts430x_lc_rd_eabi.lib</file>
         <name>int61.asm.obj</name>
      </input_file>
      <input_file id="fl-43">
         <path>D:\ti\ccs1271\ccs\tools\compiler\ti-cgt-msp430_21.6.1.LTS\lib\</path>
         <kind>archive</kind>
         <file>rts430x_lc_rd_eabi.lib</file>
         <name>int62.asm.obj</name>
      </input_file>
      <input_file id="fl-44">
         <path>D:\ti\ccs1271\ccs\tools\compiler\ti-cgt-msp430_21.6.1.LTS\lib\</path>
         <kind>archive</kind>
         <file>rts430x_lc_rd_eabi.lib</file>
         <name>isr_trap.asm.obj</name>
      </input_file>
      <input_file id="fl-45">
         <path>D:\ti\ccs1271\ccs\tools\compiler\ti-cgt-msp430_21.6.1.LTS\lib\</path>
         <kind>archive</kind>
         <file>rts430x_lc_rd_eabi.lib</file>
         <name>lsl16.asm.obj</name>
      </input_file>
      <input_file id="fl-46">
         <path>D:\ti\ccs1271\ccs\tools\compiler\ti-cgt-msp430_21.6.1.LTS\lib\</path>
         <kind>archive</kind>
         <file>rts430x_lc_rd_eabi.lib</file>
         <name>mult16.asm.obj</name>
      </input_file>
      <input_file id="fl-47">
         <path>D:\ti\ccs1271\ccs\tools\compiler\ti-cgt-msp430_21.6.1.LTS\lib\</path>
         <kind>archive</kind>
         <file>rts430x_lc_rd_eabi.lib</file>
         <name>mult16_f5hw.asm.obj</name>
      </input_file>
      <input_file id="fl-48">
         <path>D:\ti\ccs1271\ccs\tools\compiler\ti-cgt-msp430_21.6.1.LTS\lib\</path>
         <kind>archive</kind>
         <file>rts430x_lc_rd_eabi.lib</file>
         <name>mult1632_f5hw.asm.obj</name>
      </input_file>
      <input_file id="fl-49">
         <path>D:\ti\ccs1271\ccs\tools\compiler\ti-cgt-msp430_21.6.1.LTS\lib\</path>
         <kind>archive</kind>
         <file>rts430x_lc_rd_eabi.lib</file>
         <name>mult32.asm.obj</name>
      </input_file>
      <input_file id="fl-4a">
         <path>D:\ti\ccs1271\ccs\tools\compiler\ti-cgt-msp430_21.6.1.LTS\lib\</path>
         <kind>archive</kind>
         <file>rts430x_lc_rd_eabi.lib</file>
         <name>mult32_f5hw.asm.obj</name>
      </input_file>
      <input_file id="fl-4b">
         <path>D:\ti\ccs1271\ccs\tools\compiler\ti-cgt-msp430_21.6.1.LTS\lib\</path>
         <kind>archive</kind>
         <file>rts430x_lc_rd_eabi.lib</file>
         <name>mult3264_f5hw.asm.obj</name>
      </input_file>
      <input_file id="fl-4c">
         <path>D:\ti\ccs1271\ccs\tools\compiler\ti-cgt-msp430_21.6.1.LTS\lib\</path>
         <kind>archive</kind>
         <file>rts430x_lc_rd_eabi.lib</file>
         <name>mult64_f5hw.asm.obj</name>
      </input_file>
      <input_file id="fl-4d">
         <path>D:\ti\ccs1271\ccs\tools\compiler\ti-cgt-msp430_21.6.1.LTS\lib\</path>
         <kind>archive</kind>
         <file>rts430x_lc_rd_eabi.lib</file>
         <name>boot.c.obj</name>
      </input_file>
      <input_file id="fl-4e">
         <path>D:\ti\ccs1271\ccs\tools\compiler\ti-cgt-msp430_21.6.1.LTS\lib\</path>
         <kind>archive</kind>
         <file>rts430x_lc_rd_eabi.lib</file>
         <name>autoinit.c.obj</name>
      </input_file>
      <input_file id="fl-4f">
         <path>D:\ti\ccs1271\ccs\tools\compiler\ti-cgt-msp430_21.6.1.LTS\lib\</path>
         <kind>archive</kind>
         <file>rts430x_lc_rd_eabi.lib</file>
         <name>copy_zero_init.c.obj</name>
      </input_file>
      <input_file id="fl-50">
         <path>D:\ti\ccs1271\ccs\tools\compiler\ti-cgt-msp430_21.6.1.LTS\lib\</path>
         <kind>archive</kind>
         <file>rts430x_lc_rd_eabi.lib</file>
         <name>cpy_tbl.c.obj</name>
      </input_file>
      <input_file id="fl-51">
         <path>D:\ti\ccs1271\ccs\tools\compiler\ti-cgt-msp430_21.6.1.LTS\lib\</path>
         <kind>archive</kind>
         <file>rts430x_lc_rd_eabi.lib</file>
         <name>mpu_init.c.obj</name>
      </input_file>
      <input_file id="fl-52">
         <path>D:\ti\ccs1271\ccs\tools\compiler\ti-cgt-msp430_21.6.1.LTS\lib\</path>
         <kind>archive</kind>
         <file>rts430x_lc_rd_eabi.lib</file>
         <name>pre_init.c.obj</name>
      </input_file>
      <input_file id="fl-53">
         <path>D:\ti\ccs1271\ccs\tools\compiler\ti-cgt-msp430_21.6.1.LTS\lib\</path>
         <kind>archive</kind>
         <file>rts430x_lc_rd_eabi.lib</file>
         <name>startup.c.obj</name>
      </input_file>
      <input_file id="fl-54">
         <path>D:\ti\ccs1271\ccs\tools\compiler\ti-cgt-msp430_21.6.1.LTS\lib\</path>
         <kind>archive</kind>
         <file>rts430x_lc_rd_eabi.lib</file>
         <name>copy_decompress_none.c.obj</name>
      </input_file>
      <input_file id="fl-55">
         <path>D:\ti\ccs1271\ccs\tools\compiler\ti-cgt-msp430_21.6.1.LTS\lib\</path>
         <kind>archive</kind>
         <file>rts430x_lc_rd_eabi.lib</file>
         <name>copy_decompress_lzss.c.obj</name>
      </input_file>
      <input_file id="fl-56">
         <path>D:\ti\ccs1271\ccs\tools\compiler\ti-cgt-msp430_21.6.1.LTS\lib\</path>
         <kind>archive</kind>
         <file>rts430x_lc_rd_eabi.lib</file>
         <name>cvtdf.c.obj</name>
      </input_file>
      <input_file id="fl-57">
         <path>D:\ti\ccs1271\ccs\tools\compiler\ti-cgt-msp430_21.6.1.LTS\lib\</path>
         <kind>archive</kind>
         <file>rts430x_lc_rd_eabi.lib</file>
         <name>cvtfd.c.obj</name>
      </input_file>
      <input_file id="fl-58">
         <path>D:\ti\ccs1271\ccs\tools\compiler\ti-cgt-msp430_21.6.1.LTS\lib\</path>
         <kind>archive</kind>
         <file>rts430x_lc_rd_eabi.lib</file>
         <name>divd.c.obj</name>
      </input_file>
      <input_file id="fl-59">
         <path>D:\ti\ccs1271\ccs\tools\compiler\ti-cgt-msp430_21.6.1.LTS\lib\</path>
         <kind>archive</kind>
         <file>rts430x_lc_rd_eabi.lib</file>
         <name>frcdivd.c.obj</name>
      </input_file>
      <input_file id="fl-5a">
         <path>D:\ti\ccs1271\ccs\tools\compiler\ti-cgt-msp430_21.6.1.LTS\lib\</path>
         <kind>archive</kind>
         <file>rts430x_lc_rd_eabi.lib</file>
         <name>mpyd.c.obj</name>
      </input_file>
      <input_file id="fl-5b">
         <path>D:\ti\ccs1271\ccs\tools\compiler\ti-cgt-msp430_21.6.1.LTS\lib\</path>
         <kind>archive</kind>
         <file>rts430x_lc_rd_eabi.lib</file>
         <name>exit.c.obj</name>
      </input_file>
      <input_file id="fl-5c">
         <path>D:\ti\ccs1271\ccs\tools\compiler\ti-cgt-msp430_21.6.1.LTS\lib\</path>
         <kind>archive</kind>
         <file>rts430x_lc_rd_eabi.lib</file>
         <name>_lock.c.obj</name>
      </input_file>
      <input_file id="fl-5d">
         <path>D:\ti\ccs1271\ccs\tools\compiler\ti-cgt-msp430_21.6.1.LTS\lib\</path>
         <kind>archive</kind>
         <file>rts430x_lc_rd_eabi.lib</file>
         <name>args_main.c.obj</name>
      </input_file>
      <input_file id="fl-5e">
         <path>D:\ti\ccs1271\ccs\tools\compiler\ti-cgt-msp430_21.6.1.LTS\lib\</path>
         <kind>archive</kind>
         <file>rts430x_lc_rd_eabi.lib</file>
         <name>memcpy.c.obj</name>
      </input_file>
      <input_file id="fl-5f">
         <path>D:\ti\ccs1271\ccs\tools\compiler\ti-cgt-msp430_21.6.1.LTS\lib\</path>
         <kind>archive</kind>
         <file>rts430x_lc_rd_eabi.lib</file>
         <name>strcpy.c.obj</name>
      </input_file>
      <input_file id="fl-60">
         <path>D:\ti\ccs1271\ccs\tools\compiler\ti-cgt-msp430_21.6.1.LTS\lib\</path>
         <kind>archive</kind>
         <file>rts430x_lc_rd_eabi.lib</file>
         <name>_printfi.c.obj</name>
      </input_file>
      <input_file id="fl-61">
         <path>D:\ti\ccs1271\ccs\tools\compiler\ti-cgt-msp430_21.6.1.LTS\lib\</path>
         <kind>archive</kind>
         <file>rts430x_lc_rd_eabi.lib</file>
         <name>s_frexp.c.obj</name>
      </input_file>
      <input_file id="fl-62">
         <path>D:\ti\ccs1271\ccs\tools\compiler\ti-cgt-msp430_21.6.1.LTS\lib\</path>
         <kind>archive</kind>
         <file>rts430x_lc_rd_eabi.lib</file>
         <name>s_scalbn.c.obj</name>
      </input_file>
      <input_file id="fl-63">
         <path>D:\ti\ccs1271\ccs\tools\compiler\ti-cgt-msp430_21.6.1.LTS\lib\</path>
         <kind>archive</kind>
         <file>rts430x_lc_rd_eabi.lib</file>
         <name>s_copysign.c.obj</name>
      </input_file>
      <input_file id="fl-64">
         <path>D:\ti\ccs1271\ccs\tools\compiler\ti-cgt-msp430_21.6.1.LTS\lib\</path>
         <kind>archive</kind>
         <file>rts430x_lc_rd_eabi.lib</file>
         <name>wcslen.c.obj</name>
      </input_file>
      <input_file id="fl-65">
         <path>D:\ti\ccs1271\ccs\tools\compiler\ti-cgt-msp430_21.6.1.LTS\lib\</path>
         <kind>archive</kind>
         <file>rts430x_lc_rd_eabi.lib</file>
         <name>asr32.asm.obj</name>
      </input_file>
      <input_file id="fl-66">
         <path>D:\ti\ccs1271\ccs\tools\compiler\ti-cgt-msp430_21.6.1.LTS\lib\</path>
         <kind>archive</kind>
         <file>rts430x_lc_rd_eabi.lib</file>
         <name>lsl32.asm.obj</name>
      </input_file>
      <input_file id="fl-67">
         <path>D:\ti\ccs1271\ccs\tools\compiler\ti-cgt-msp430_21.6.1.LTS\lib\</path>
         <kind>archive</kind>
         <file>rts430x_lc_rd_eabi.lib</file>
         <name>lsr32.asm.obj</name>
      </input_file>
      <input_file id="fl-68">
         <path>D:\ti\ccs1271\ccs\tools\compiler\ti-cgt-msp430_21.6.1.LTS\lib\</path>
         <kind>archive</kind>
         <file>rts430x_lc_rd_eabi.lib</file>
         <name>exit_gvars.c.obj</name>
      </input_file>
      <input_file id="fl-69">
         <path>D:\ti\ccs1271\ccs\tools\compiler\ti-cgt-msp430_21.6.1.LTS\lib\</path>
         <kind>archive</kind>
         <file>rts430x_lc_rd_eabi.lib</file>
         <name>lsr64.c.obj</name>
      </input_file>
      <input_file id="fl-6a">
         <path>D:\ti\ccs1271\ccs\tools\compiler\ti-cgt-msp430_21.6.1.LTS\lib\</path>
         <kind>archive</kind>
         <file>rts430x_lc_rd_eabi.lib</file>
         <name>div64u.c.obj</name>
      </input_file>
      <input_file id="fl-6b">
         <path>D:\ti\ccs1271\ccs\tools\compiler\ti-cgt-msp430_21.6.1.LTS\lib\</path>
         <kind>archive</kind>
         <file>rts430x_lc_rd_eabi.lib</file>
         <name>addd.c.obj</name>
      </input_file>
      <input_file id="fl-6c">
         <path>D:\ti\ccs1271\ccs\tools\compiler\ti-cgt-msp430_21.6.1.LTS\lib\</path>
         <kind>archive</kind>
         <file>rts430x_lc_rd_eabi.lib</file>
         <name>cmpd.c.obj</name>
      </input_file>
      <input_file id="fl-6d">
         <path>D:\ti\ccs1271\ccs\tools\compiler\ti-cgt-msp430_21.6.1.LTS\lib\</path>
         <kind>archive</kind>
         <file>rts430x_lc_rd_eabi.lib</file>
         <name>fixdi.c.obj</name>
      </input_file>
      <input_file id="fl-6e">
         <path>D:\ti\ccs1271\ccs\tools\compiler\ti-cgt-msp430_21.6.1.LTS\lib\</path>
         <kind>archive</kind>
         <file>rts430x_lc_rd_eabi.lib</file>
         <name>fixdli.c.obj</name>
      </input_file>
      <input_file id="fl-6f">
         <path>D:\ti\ccs1271\ccs\tools\compiler\ti-cgt-msp430_21.6.1.LTS\lib\</path>
         <kind>archive</kind>
         <file>rts430x_lc_rd_eabi.lib</file>
         <name>fltid.c.obj</name>
      </input_file>
      <input_file id="fl-70">
         <path>D:\ti\ccs1271\ccs\tools\compiler\ti-cgt-msp430_21.6.1.LTS\lib\</path>
         <kind>archive</kind>
         <file>rts430x_lc_rd_eabi.lib</file>
         <name>fltlid.c.obj</name>
      </input_file>
      <input_file id="fl-71">
         <path>D:\ti\ccs1271\ccs\tools\compiler\ti-cgt-msp430_21.6.1.LTS\lib\</path>
         <kind>archive</kind>
         <file>rts430x_lc_rd_eabi.lib</file>
         <name>frcmpyd.c.obj</name>
      </input_file>
      <input_file id="fl-72">
         <path>D:\ti\ccs1271\ccs\tools\compiler\ti-cgt-msp430_21.6.1.LTS\lib\</path>
         <kind>archive</kind>
         <file>rts430x_lc_rd_eabi.lib</file>
         <name>negd.c.obj</name>
      </input_file>
      <input_file id="fl-73">
         <path>D:\ti\ccs1271\ccs\tools\compiler\ti-cgt-msp430_21.6.1.LTS\lib\</path>
         <kind>archive</kind>
         <file>rts430x_lc_rd_eabi.lib</file>
         <name>subd.c.obj</name>
      </input_file>
      <input_file id="fl-74">
         <path>D:\ti\ccs1271\ccs\tools\compiler\ti-cgt-msp430_21.6.1.LTS\lib\</path>
         <kind>archive</kind>
         <file>rts430x_lc_rd_eabi.lib</file>
         <name>_ltoa.c.obj</name>
      </input_file>
      <input_file id="fl-75">
         <path>D:\ti\ccs1271\ccs\tools\compiler\ti-cgt-msp430_21.6.1.LTS\lib\</path>
         <kind>archive</kind>
         <file>rts430x_lc_rd_eabi.lib</file>
         <name>atoi.c.obj</name>
      </input_file>
      <input_file id="fl-76">
         <path>D:\ti\ccs1271\ccs\tools\compiler\ti-cgt-msp430_21.6.1.LTS\lib\</path>
         <kind>archive</kind>
         <file>rts430x_lc_rd_eabi.lib</file>
         <name>ctype.c.obj</name>
      </input_file>
      <input_file id="fl-77">
         <path>D:\ti\ccs1271\ccs\tools\compiler\ti-cgt-msp430_21.6.1.LTS\lib\</path>
         <kind>archive</kind>
         <file>rts430x_lc_rd_eabi.lib</file>
         <name>memccpy.c.obj</name>
      </input_file>
      <input_file id="fl-78">
         <path>D:\ti\ccs1271\ccs\tools\compiler\ti-cgt-msp430_21.6.1.LTS\lib\</path>
         <kind>archive</kind>
         <file>rts430x_lc_rd_eabi.lib</file>
         <name>memset.c.obj</name>
      </input_file>
      <input_file id="fl-79">
         <path>D:\ti\ccs1271\ccs\tools\compiler\ti-cgt-msp430_21.6.1.LTS\lib\</path>
         <kind>archive</kind>
         <file>rts430x_lc_rd_eabi.lib</file>
         <name>strchr.c.obj</name>
      </input_file>
      <input_file id="fl-7a">
         <path>D:\ti\ccs1271\ccs\tools\compiler\ti-cgt-msp430_21.6.1.LTS\lib\</path>
         <kind>archive</kind>
         <file>rts430x_lc_rd_eabi.lib</file>
         <name>strlen.c.obj</name>
      </input_file>
      <input_file id="fl-7b">
         <path>D:\ti\ccs1271\ccs\tools\compiler\ti-cgt-msp430_21.6.1.LTS\lib\</path>
         <kind>archive</kind>
         <file>rts430x_lc_rd_eabi.lib</file>
         <name>toupper.c.obj</name>
      </input_file>
      <input_file id="fl-7c">
         <path>D:\ti\ccs1271\ccs\tools\compiler\ti-cgt-msp430_21.6.1.LTS\lib\</path>
         <kind>archive</kind>
         <file>rts430x_lc_rd_eabi.lib</file>
         <name>abs.c.obj</name>
      </input_file>
      <input_file id="fl-7d">
         <path>D:\ti\ccs1271\ccs\tools\compiler\ti-cgt-msp430_21.6.1.LTS\lib\</path>
         <kind>archive</kind>
         <file>rts430x_lc_rd_eabi.lib</file>
         <name>errno.c.obj</name>
      </input_file>
      <input_file id="fl-7e">
         <path>D:\ti\ccs1271\ccs\tools\compiler\ti-cgt-msp430_21.6.1.LTS\lib\</path>
         <kind>archive</kind>
         <file>rts430x_lc_rd_eabi.lib</file>
         <name>div32s.asm.obj</name>
      </input_file>
      <input_file id="fl-7f">
         <path>D:\ti\ccs1271\ccs\tools\compiler\ti-cgt-msp430_21.6.1.LTS\lib\</path>
         <kind>archive</kind>
         <file>rts430x_lc_rd_eabi.lib</file>
         <name>mult3264.asm.obj</name>
      </input_file>
      <input_file id="fl-80">
         <path>D:\ti\ccs1271\ccs\tools\compiler\ti-cgt-msp430_21.6.1.LTS\lib\</path>
         <kind>archive</kind>
         <file>rts430x_lc_rd_eabi.lib</file>
         <name>mult64.asm.obj</name>
      </input_file>
      <input_file id="fl-81">
         <path>D:\ti\ccs1271\ccs\tools\compiler\ti-cgt-msp430_21.6.1.LTS\lib\</path>
         <kind>archive</kind>
         <file>rts430x_lc_rd_eabi.lib</file>
         <name>asr64.c.obj</name>
      </input_file>
      <input_file id="fl-82">
         <path>D:\ti\ccs1271\ccs\tools\compiler\ti-cgt-msp430_21.6.1.LTS\lib\</path>
         <kind>archive</kind>
         <file>rts430x_lc_rd_eabi.lib</file>
         <name>lsl64.c.obj</name>
      </input_file>
      <input_file id="fl-83">
         <path>D:\ti\ccs1271\ccs\tools\compiler\ti-cgt-msp430_21.6.1.LTS\lib\</path>
         <kind>archive</kind>
         <file>rts430x_lc_rd_eabi.lib</file>
         <name>mult1632.asm.obj</name>
      </input_file>
   </input_file_list>
   <object_component_list>
      <object_component id="oc-3f7">
         <name>.common:rxbuffer</name>
         <uninitialized>true</uninitialized>
         <run_address>0x241e</run_address>
         <size>0x1</size>
      </object_component>
      <object_component id="oc-3ec">
         <name>.data</name>
         <load_address>0x2400</load_address>
         <run_address>0x2400</run_address>
         <size>0x8</size>
         <input_file_ref idref="fl-2"/>
      </object_component>
      <object_component id="oc-455">
         <name>.data:ctrlmode</name>
         <load_address>0x2416</load_address>
         <run_address>0x2416</run_address>
         <size>0x5</size>
         <input_file_ref idref="fl-2"/>
      </object_component>
      <object_component id="oc-46a">
         <name>.data:movement</name>
         <load_address>0x2408</load_address>
         <run_address>0x2408</run_address>
         <size>0x7</size>
         <input_file_ref idref="fl-2"/>
      </object_component>
      <object_component id="oc-51b">
         <name>.data:AWSDNY</name>
         <load_address>0x2410</load_address>
         <run_address>0x2410</run_address>
         <size>0x6</size>
         <input_file_ref idref="fl-3"/>
      </object_component>
      <object_component id="oc-76b">
         <name>.data</name>
         <load_address>0x241c</load_address>
         <run_address>0x241c</run_address>
         <size>0x2</size>
         <input_file_ref idref="fl-7d"/>
      </object_component>
      <object_component id="oc-36b">
         <name>.stack</name>
         <uninitialized>true</uninitialized>
         <run_address>0x4360</run_address>
         <size>0x4</size>
         <input_file_ref idref="fl-4d"/>
      </object_component>
      <object_component id="oc-942">
         <name>.stack</name>
         <uninitialized>true</uninitialized>
         <run_address>0x4360</run_address>
         <size>0x0</size>
      </object_component>
      <object_component id="oc-89d">
         <name>.text:__mspabi_addd</name>
         <load_address>0x10000</load_address>
         <run_address>0x10000</run_address>
         <size>0x72a</size>
         <input_file_ref idref="fl-6b"/>
      </object_component>
      <object_component id="oc-5a5">
         <name>.text:__TI_frcdivd</name>
         <load_address>0x1072a</load_address>
         <run_address>0x1072a</run_address>
         <size>0x468</size>
         <input_file_ref idref="fl-59"/>
      </object_component>
      <object_component id="oc-7f5">
         <name>.text:__mspabi_divull</name>
         <load_address>0x10b92</load_address>
         <run_address>0x10b92</run_address>
         <size>0x34e</size>
         <input_file_ref idref="fl-6a"/>
      </object_component>
      <object_component id="oc-6c2">
         <name>.text:__TI_printfi:__TI_printfi</name>
         <load_address>0x10ee0</load_address>
         <run_address>0x10ee0</run_address>
         <size>0x2a6</size>
         <input_file_ref idref="fl-60"/>
      </object_component>
      <object_component id="oc-504">
         <name>.text:__mspabi_mpyd</name>
         <load_address>0x11186</load_address>
         <run_address>0x11186</run_address>
         <size>0x292</size>
         <input_file_ref idref="fl-5a"/>
      </object_component>
      <object_component id="oc-71c">
         <name>.text:__TI_printfi:_setfield___TI_printfi</name>
         <load_address>0x11418</load_address>
         <run_address>0x11418</run_address>
         <size>0x27a</size>
         <input_file_ref idref="fl-60"/>
      </object_component>
      <object_component id="oc-776">
         <name>.text:_pproc_fgea</name>
         <load_address>0x11692</load_address>
         <run_address>0x11692</run_address>
         <size>0x268</size>
         <input_file_ref idref="fl-60"/>
      </object_component>
      <object_component id="oc-834">
         <name>.text:acvt</name>
         <load_address>0x118fa</load_address>
         <run_address>0x118fa</run_address>
         <size>0x224</size>
         <input_file_ref idref="fl-60"/>
      </object_component>
      <object_component id="oc-50a">
         <name>.text:__mspabi_divd</name>
         <load_address>0x11b1e</load_address>
         <run_address>0x11b1e</run_address>
         <size>0x21c</size>
         <input_file_ref idref="fl-58"/>
      </object_component>
      <object_component id="oc-40b">
         <name>.text:main</name>
         <load_address>0x11d3a</load_address>
         <run_address>0x11d3a</run_address>
         <size>0x20e</size>
         <input_file_ref idref="fl-2"/>
      </object_component>
      <object_component id="oc-7ad">
         <name>.text:__TI_printfi:_getarg_diouxp___TI_printfi</name>
         <load_address>0x11f48</load_address>
         <run_address>0x11f48</run_address>
         <size>0x206</size>
         <input_file_ref idref="fl-60"/>
      </object_component>
      <object_component id="oc-80d">
         <name>.text:ecvt</name>
         <load_address>0x1214e</load_address>
         <run_address>0x1214e</run_address>
         <size>0x1e6</size>
         <input_file_ref idref="fl-60"/>
      </object_component>
      <object_component id="oc-820">
         <name>.text:fcvt</name>
         <load_address>0x12334</load_address>
         <run_address>0x12334</run_address>
         <size>0x1c8</size>
         <input_file_ref idref="fl-60"/>
      </object_component>
      <object_component id="oc-7d2">
         <name>.text:_pconv_e</name>
         <load_address>0x124fc</load_address>
         <run_address>0x124fc</run_address>
         <size>0x1a2</size>
         <input_file_ref idref="fl-60"/>
      </object_component>
      <object_component id="oc-7d8">
         <name>.text:_pconv_a</name>
         <load_address>0x1269e</load_address>
         <run_address>0x1269e</run_address>
         <size>0x170</size>
         <input_file_ref idref="fl-60"/>
      </object_component>
      <object_component id="oc-598">
         <name>.text:__TI_frcmpyd</name>
         <load_address>0x1280e</load_address>
         <run_address>0x1280e</run_address>
         <size>0x164</size>
         <input_file_ref idref="fl-71"/>
      </object_component>
      <object_component id="oc-87d">
         <name>.text:scalbn</name>
         <load_address>0x12972</load_address>
         <run_address>0x12972</run_address>
         <size>0x15a</size>
         <input_file_ref idref="fl-62"/>
      </object_component>
      <object_component id="oc-770">
         <name>.text:__TI_printfi:_pproc_diouxp___TI_printfi</name>
         <load_address>0x12acc</load_address>
         <run_address>0x12acc</run_address>
         <size>0x148</size>
         <input_file_ref idref="fl-60"/>
      </object_component>
      <object_component id="oc-4f4">
         <name>.text</name>
         <load_address>0x12c14</load_address>
         <run_address>0x12c14</run_address>
         <size>0x132</size>
         <input_file_ref idref="fl-2c"/>
      </object_component>
      <object_component id="oc-7b3">
         <name>.text:__TI_printfi:_ltostr___TI_printfi</name>
         <load_address>0x12d46</load_address>
         <run_address>0x12d46</run_address>
         <size>0x128</size>
         <input_file_ref idref="fl-60"/>
      </object_component>
      <object_component id="oc-4c4">
         <name>.text:OLED_Init</name>
         <load_address>0x12e6e</load_address>
         <run_address>0x12e6e</run_address>
         <size>0x108</size>
         <input_file_ref idref="fl-6"/>
      </object_component>
      <object_component id="oc-5c1">
         <name>.text:OLED_ShowChar</name>
         <load_address>0x12f76</load_address>
         <run_address>0x12f76</run_address>
         <size>0xfc</size>
         <input_file_ref idref="fl-6"/>
      </object_component>
      <object_component id="oc-7c6">
         <name>.text:_pconv_g</name>
         <load_address>0x13072</load_address>
         <run_address>0x13072</run_address>
         <size>0xfc</size>
         <input_file_ref idref="fl-60"/>
      </object_component>
      <object_component id="oc-716">
         <name>.text:__TI_printfi:_pproc_fwp___TI_printfi</name>
         <load_address>0x1316e</load_address>
         <run_address>0x1316e</run_address>
         <size>0xea</size>
         <input_file_ref idref="fl-60"/>
      </object_component>
      <object_component id="oc-45f">
         <name>.text:key_Read</name>
         <load_address>0x13258</load_address>
         <run_address>0x13258</run_address>
         <size>0xe0</size>
         <input_file_ref idref="fl-3"/>
      </object_component>
      <object_component id="oc-7de">
         <name>.text:__mspabi_cmpd</name>
         <load_address>0x13338</load_address>
         <run_address>0x13338</run_address>
         <size>0xd8</size>
         <input_file_ref idref="fl-6c"/>
      </object_component>
      <object_component id="oc-728">
         <name>.text:__TI_printfi:_pproc_wstr___TI_printfi</name>
         <load_address>0x13410</load_address>
         <run_address>0x13410</run_address>
         <size>0xc8</size>
         <input_file_ref idref="fl-60"/>
      </object_component>
      <object_component id="oc-510">
         <name>.text:__mspabi_cvtdf</name>
         <load_address>0x134d8</load_address>
         <run_address>0x134d8</run_address>
         <size>0xb2</size>
         <input_file_ref idref="fl-56"/>
      </object_component>
      <object_component id="oc-44f">
         <name>.text:Mpu6050AccelAngle</name>
         <load_address>0x1358a</load_address>
         <run_address>0x1358a</run_address>
         <size>0xaa</size>
         <input_file_ref idref="fl-5"/>
      </object_component>
      <object_component id="oc-722">
         <name>.text:__TI_printfi:_pproc_str___TI_printfi</name>
         <load_address>0x13634</load_address>
         <run_address>0x13634</run_address>
         <size>0xa6</size>
         <input_file_ref idref="fl-60"/>
      </object_component>
      <object_component id="oc-82e">
         <name>.text:frexp</name>
         <load_address>0x136da</load_address>
         <run_address>0x136da</run_address>
         <size>0xa6</size>
         <input_file_ref idref="fl-61"/>
      </object_component>
      <object_component id="oc-4d6">
         <name>.text:beep_Init</name>
         <load_address>0x13780</load_address>
         <run_address>0x13780</run_address>
         <size>0xa0</size>
         <input_file_ref idref="fl-2"/>
      </object_component>
      <object_component id="oc-859">
         <name>.text:__mspabi_fltlid</name>
         <load_address>0x13820</load_address>
         <run_address>0x13820</run_address>
         <size>0x9e</size>
         <input_file_ref idref="fl-70"/>
      </object_component>
      <object_component id="oc-813">
         <name>.text:_ecpy</name>
         <load_address>0x138be</load_address>
         <run_address>0x138be</run_address>
         <size>0x90</size>
         <input_file_ref idref="fl-60"/>
      </object_component>
      <object_component id="oc-819">
         <name>.text:_mcpy</name>
         <load_address>0x1394e</load_address>
         <run_address>0x1394e</run_address>
         <size>0x90</size>
         <input_file_ref idref="fl-60"/>
      </object_component>
      <object_component id="oc-4f9">
         <name>.text</name>
         <load_address>0x139de</load_address>
         <run_address>0x139de</run_address>
         <size>0x90</size>
         <input_file_ref idref="fl-2e"/>
      </object_component>
      <object_component id="oc-853">
         <name>.text:__TI_ltoa</name>
         <load_address>0x13a6e</load_address>
         <run_address>0x13a6e</run_address>
         <size>0x80</size>
         <input_file_ref idref="fl-74"/>
      </object_component>
      <object_component id="oc-617">
         <name>.text:IIC_readebyte</name>
         <load_address>0x13aee</load_address>
         <run_address>0x13aee</run_address>
         <size>0x7c</size>
         <input_file_ref idref="fl-5"/>
      </object_component>
      <object_component id="oc-7cc">
         <name>.text:_pconv_f</name>
         <load_address>0x13b6a</load_address>
         <run_address>0x13b6a</run_address>
         <size>0x78</size>
         <input_file_ref idref="fl-60"/>
      </object_component>
      <object_component id="oc-6d">
         <name>.text:decompress:lzss:__TI_decompress_lzss</name>
         <load_address>0x13be2</load_address>
         <run_address>0x13be2</run_address>
         <size>0x76</size>
         <input_file_ref idref="fl-55"/>
      </object_component>
      <object_component id="oc-4dc">
         <name>.text:OLED_Prepare</name>
         <load_address>0x13c58</load_address>
         <run_address>0x13c58</run_address>
         <size>0x70</size>
         <input_file_ref idref="fl-6"/>
      </object_component>
      <object_component id="oc-46d">
         <name>.text:refreshParameters</name>
         <load_address>0x13cc8</load_address>
         <run_address>0x13cc8</run_address>
         <size>0x6c</size>
         <input_file_ref idref="fl-2"/>
      </object_component>
      <object_component id="oc-6a4">
         <name>.text:GPIO_setAsInputPinWithPullUpResistor</name>
         <load_address>0x13d34</load_address>
         <run_address>0x13d34</run_address>
         <size>0x68</size>
         <input_file_ref idref="fl-4"/>
      </object_component>
      <object_component id="oc-84d">
         <name>.text:__mspabi_fixdli</name>
         <load_address>0x13d9c</load_address>
         <run_address>0x13d9c</run_address>
         <size>0x66</size>
         <input_file_ref idref="fl-6e"/>
      </object_component>
      <object_component id="oc-528">
         <name>.text:OLED_ShowString</name>
         <load_address>0x13e02</load_address>
         <run_address>0x13e02</run_address>
         <size>0x64</size>
         <input_file_ref idref="fl-6"/>
      </object_component>
      <object_component id="oc-4fe">
         <name>.text:__mspabi_cvtfd</name>
         <load_address>0x13e66</load_address>
         <run_address>0x13e66</run_address>
         <size>0x64</size>
         <input_file_ref idref="fl-57"/>
      </object_component>
      <object_component id="oc-756">
         <name>.text:atoi</name>
         <load_address>0x13eca</load_address>
         <run_address>0x13eca</run_address>
         <size>0x62</size>
         <input_file_ref idref="fl-75"/>
      </object_component>
      <object_component id="oc-522">
         <name>.text:OLED_ShowFloat</name>
         <load_address>0x13f2c</load_address>
         <run_address>0x13f2c</run_address>
         <size>0x5c</size>
         <input_file_ref idref="fl-6"/>
      </object_component>
      <object_component id="oc-62b">
         <name>.text:__mpyll</name>
         <load_address>0x13f88</load_address>
         <run_address>0x13f88</run_address>
         <size>0x5c</size>
         <input_file_ref idref="fl-4c"/>
      </object_component>
      <object_component id="oc-682">
         <name>.text:Write_IIC_Byte</name>
         <load_address>0x13fe4</load_address>
         <run_address>0x13fe4</run_address>
         <size>0x5a</size>
         <input_file_ref idref="fl-6"/>
      </object_component>
      <object_component id="oc-60a">
         <name>.text:IIC_writebyte</name>
         <load_address>0x1403e</load_address>
         <run_address>0x1403e</run_address>
         <size>0x58</size>
         <input_file_ref idref="fl-5"/>
      </object_component>
      <object_component id="oc-7fb">
         <name>.text</name>
         <load_address>0x14096</load_address>
         <run_address>0x14096</run_address>
         <size>0x58</size>
         <input_file_ref idref="fl-2b"/>
      </object_component>
      <object_component id="oc-4b8">
         <name>.text:clock_Init</name>
         <load_address>0x140ee</load_address>
         <run_address>0x140ee</run_address>
         <size>0x56</size>
         <input_file_ref idref="fl-2"/>
      </object_component>
      <object_component id="oc-570">
         <name>.text:OLED_Clear</name>
         <load_address>0x14144</load_address>
         <run_address>0x14144</run_address>
         <size>0x54</size>
         <input_file_ref idref="fl-6"/>
      </object_component>
      <object_component id="oc-498">
         <name>.text:__TI_auto_init_nobinit_nopinit_hold_wdt:__TI_auto_init_nobinit_nopinit_hold_wdt</name>
         <load_address>0x14198</load_address>
         <run_address>0x14198</run_address>
         <size>0x54</size>
         <input_file_ref idref="fl-4e"/>
      </object_component>
      <object_component id="oc-826">
         <name>.text:_fcpy</name>
         <load_address>0x141ec</load_address>
         <run_address>0x141ec</run_address>
         <size>0x4e</size>
         <input_file_ref idref="fl-60"/>
      </object_component>
      <object_component id="oc-6d9">
         <name>.text:GPIO_getInputPinValue</name>
         <load_address>0x1423a</load_address>
         <run_address>0x1423a</run_address>
         <size>0x4c</size>
         <input_file_ref idref="fl-4"/>
      </object_component>
      <object_component id="oc-465">
         <name>.text</name>
         <load_address>0x14286</load_address>
         <run_address>0x14286</run_address>
         <size>0x4a</size>
         <input_file_ref idref="fl-2d"/>
      </object_component>
      <object_component id="oc-5b9">
         <name>.text:sprintf</name>
         <load_address>0x142d0</load_address>
         <run_address>0x142d0</run_address>
         <size>0x44</size>
         <input_file_ref idref="fl-28"/>
      </object_component>
      <object_component id="oc-8bd">
         <name>.text:__mspabi_srall</name>
         <load_address>0x14314</load_address>
         <run_address>0x14314</run_address>
         <size>0x40</size>
         <input_file_ref idref="fl-81"/>
      </object_component>
      <object_component id="oc-894">
         <name>.text</name>
         <load_address>0x14354</load_address>
         <run_address>0x14354</run_address>
         <size>0x40</size>
         <input_file_ref idref="fl-7e"/>
      </object_component>
      <object_component id="oc-583">
         <name>.text:ByteRead6050</name>
         <load_address>0x14394</load_address>
         <run_address>0x14394</run_address>
         <size>0x3e</size>
         <input_file_ref idref="fl-5"/>
      </object_component>
      <object_component id="oc-564">
         <name>.text:Delay_1ms</name>
         <load_address>0x143d2</load_address>
         <run_address>0x143d2</run_address>
         <size>0x3e</size>
         <input_file_ref idref="fl-6"/>
      </object_component>
      <object_component id="oc-69c">
         <name>.text:IIC_testACK</name>
         <load_address>0x14410</load_address>
         <run_address>0x14410</run_address>
         <size>0x3e</size>
         <input_file_ref idref="fl-5"/>
      </object_component>
      <object_component id="oc-61d">
         <name>.text:SendACK</name>
         <load_address>0x1444e</load_address>
         <run_address>0x1444e</run_address>
         <size>0x3e</size>
         <input_file_ref idref="fl-5"/>
      </object_component>
      <object_component id="oc-58d">
         <name>.text:l_asr_const</name>
         <load_address>0x1448c</load_address>
         <run_address>0x1448c</run_address>
         <size>0x3e</size>
         <input_file_ref idref="fl-65"/>
      </object_component>
      <object_component id="oc-5ad">
         <name>.text:l_lsl_const</name>
         <load_address>0x144ca</load_address>
         <run_address>0x144ca</run_address>
         <size>0x3e</size>
         <input_file_ref idref="fl-66"/>
      </object_component>
      <object_component id="oc-63e">
         <name>.text:l_lsr_const</name>
         <load_address>0x14508</load_address>
         <run_address>0x14508</run_address>
         <size>0x3e</size>
         <input_file_ref idref="fl-67"/>
      </object_component>
      <object_component id="oc-4d0">
         <name>.text:InitMPU6050</name>
         <load_address>0x14546</load_address>
         <run_address>0x14546</run_address>
         <size>0x3a</size>
         <input_file_ref idref="fl-5"/>
      </object_component>
      <object_component id="oc-625">
         <name>.text:__mspabi_sllll</name>
         <load_address>0x14580</load_address>
         <run_address>0x14580</run_address>
         <size>0x3a</size>
         <input_file_ref idref="fl-82"/>
      </object_component>
      <object_component id="oc-635">
         <name>.text:__mspabi_srlll</name>
         <load_address>0x145ba</load_address>
         <run_address>0x145ba</run_address>
         <size>0x3a</size>
         <input_file_ref idref="fl-69"/>
      </object_component>
      <object_component id="oc-3f0">
         <name>.text:send_Buffer</name>
         <load_address>0x145f4</load_address>
         <run_address>0x145f4</run_address>
         <size>0x38</size>
         <input_file_ref idref="fl-7"/>
      </object_component>
      <object_component id="oc-662">
         <name>.text:OLED_Set_Pos</name>
         <load_address>0x1462c</load_address>
         <run_address>0x1462c</run_address>
         <size>0x36</size>
         <input_file_ref idref="fl-6"/>
      </object_component>
      <object_component id="oc-4ef">
         <name>.text</name>
         <load_address>0x14662</load_address>
         <run_address>0x14662</run_address>
         <size>0x36</size>
         <input_file_ref idref="fl-2f"/>
      </object_component>
      <object_component id="oc-5f6">
         <name>.text:Write_IIC_Data</name>
         <load_address>0x14698</load_address>
         <run_address>0x14698</run_address>
         <size>0x34</size>
         <input_file_ref idref="fl-6"/>
      </object_component>
      <object_component id="oc-5fc">
         <name>.text:Write_IIC_Command</name>
         <load_address>0x146cc</load_address>
         <run_address>0x146cc</run_address>
         <size>0x32</size>
         <input_file_ref idref="fl-6"/>
      </object_component>
      <object_component id="oc-85f">
         <name>.text:__mspabi_subd</name>
         <load_address>0x146fe</load_address>
         <run_address>0x146fe</run_address>
         <size>0x32</size>
         <input_file_ref idref="fl-73"/>
      </object_component>
      <object_component id="oc-4be">
         <name>.text:key_Init</name>
         <load_address>0x14730</load_address>
         <run_address>0x14730</run_address>
         <size>0x32</size>
         <input_file_ref idref="fl-3"/>
      </object_component>
      <object_component id="oc-4e9">
         <name>.text:Get6050Data</name>
         <load_address>0x14762</load_address>
         <run_address>0x14762</run_address>
         <size>0x30</size>
         <input_file_ref idref="fl-5"/>
      </object_component>
      <object_component id="oc-449">
         <name>.text:sys_Init</name>
         <load_address>0x14792</load_address>
         <run_address>0x14792</run_address>
         <size>0x30</size>
         <input_file_ref idref="fl-2"/>
      </object_component>
      <object_component id="oc-4ca">
         <name>.text:USART0_Init</name>
         <load_address>0x147c2</load_address>
         <run_address>0x147c2</run_address>
         <size>0x2e</size>
         <input_file_ref idref="fl-7"/>
      </object_component>
      <object_component id="oc-7c0">
         <name>.text:__mspabi_negd</name>
         <load_address>0x147f0</load_address>
         <run_address>0x147f0</run_address>
         <size>0x2e</size>
         <input_file_ref idref="fl-72"/>
      </object_component>
      <object_component id="oc-8ad">
         <name>.text:copysign</name>
         <load_address>0x1481e</load_address>
         <run_address>0x1481e</run_address>
         <size>0x2e</size>
         <input_file_ref idref="fl-63"/>
      </object_component>
      <object_component id="oc-579">
         <name>.text:ByteWrite6050</name>
         <load_address>0x1484c</load_address>
         <run_address>0x1484c</run_address>
         <size>0x2c</size>
         <input_file_ref idref="fl-5"/>
      </object_component>
      <object_component id="oc-630">
         <name>.text:__mpyull</name>
         <load_address>0x14878</load_address>
         <run_address>0x14878</run_address>
         <size>0x2c</size>
         <input_file_ref idref="fl-4b"/>
      </object_component>
      <object_component id="oc-865">
         <name>.text:__mspabi_fixdi</name>
         <load_address>0x148a4</load_address>
         <run_address>0x148a4</run_address>
         <size>0x28</size>
         <input_file_ref idref="fl-6d"/>
      </object_component>
      <object_component id="oc-604">
         <name>.text:IIC_start</name>
         <load_address>0x148cc</load_address>
         <run_address>0x148cc</run_address>
         <size>0x26</size>
         <input_file_ref idref="fl-5"/>
      </object_component>
      <object_component id="oc-56a">
         <name>.text:OLED_WR_Byte</name>
         <load_address>0x148f2</load_address>
         <run_address>0x148f2</run_address>
         <size>0x26</size>
         <input_file_ref idref="fl-6"/>
      </object_component>
      <object_component id="oc-742">
         <name>.text:memccpy</name>
         <load_address>0x14918</load_address>
         <run_address>0x14918</run_address>
         <size>0x26</size>
         <input_file_ref idref="fl-77"/>
      </object_component>
      <object_component id="oc-39e">
         <name>.text:decompress:ZI:__TI_zero_init_nomemset:__TI_zero_init_nomemset</name>
         <load_address>0x1493e</load_address>
         <run_address>0x1493e</run_address>
         <size>0x24</size>
         <input_file_ref idref="fl-4f"/>
      </object_component>
      <object_component id="oc-643">
         <name>.text</name>
         <load_address>0x14962</load_address>
         <run_address>0x14962</run_address>
         <size>0x24</size>
         <input_file_ref idref="fl-4a"/>
      </object_component>
      <object_component id="oc-610">
         <name>.text:IIC_stop</name>
         <load_address>0x14986</load_address>
         <run_address>0x14986</run_address>
         <size>0x22</size>
         <input_file_ref idref="fl-5"/>
      </object_component>
      <object_component id="oc-651">
         <name>.text:_outs</name>
         <load_address>0x149a8</load_address>
         <run_address>0x149a8</run_address>
         <size>0x20</size>
         <input_file_ref idref="fl-28"/>
      </object_component>
      <object_component id="oc-4e2">
         <name>.text:interrupt_Init</name>
         <load_address>0x149c8</load_address>
         <run_address>0x149c8</run_address>
         <size>0x1e</size>
         <input_file_ref idref="fl-2"/>
      </object_component>
      <object_component id="oc-883">
         <name>.text:strchr</name>
         <load_address>0x149e6</load_address>
         <run_address>0x149e6</run_address>
         <size>0x1c</size>
         <input_file_ref idref="fl-79"/>
      </object_component>
      <object_component id="oc-5e9">
         <name>.text</name>
         <load_address>0x14a02</load_address>
         <run_address>0x14a02</run_address>
         <size>0x18</size>
         <input_file_ref idref="fl-47"/>
      </object_component>
      <object_component id="oc-67c">
         <name>.text:IIC_Start</name>
         <load_address>0x14a1a</load_address>
         <run_address>0x14a1a</run_address>
         <size>0x16</size>
         <input_file_ref idref="fl-6"/>
      </object_component>
      <object_component id="oc-735">
         <name>.text:memset</name>
         <load_address>0x14a30</load_address>
         <run_address>0x14a30</run_address>
         <size>0x16</size>
         <input_file_ref idref="fl-78"/>
      </object_component>
      <object_component id="oc-785">
         <name>.text</name>
         <load_address>0x14a46</load_address>
         <run_address>0x14a46</run_address>
         <size>0x16</size>
         <input_file_ref idref="fl-2a"/>
      </object_component>
      <object_component id="oc-765">
         <name>.text:wcslen</name>
         <load_address>0x14a5c</load_address>
         <run_address>0x14a5c</run_address>
         <size>0x16</size>
         <input_file_ref idref="fl-64"/>
      </object_component>
      <object_component id="oc-657">
         <name>.text:_outc</name>
         <load_address>0x14a72</load_address>
         <run_address>0x14a72</run_address>
         <size>0x14</size>
         <input_file_ref idref="fl-28"/>
      </object_component>
      <object_component id="oc-37a">
         <name>.text:memcpy</name>
         <load_address>0x14a86</load_address>
         <run_address>0x14a86</run_address>
         <size>0x14</size>
         <input_file_ref idref="fl-5e"/>
      </object_component>
      <object_component id="oc-68e">
         <name>.text:IIC_Stop</name>
         <load_address>0x14a9a</load_address>
         <run_address>0x14a9a</run_address>
         <size>0x12</size>
         <input_file_ref idref="fl-6"/>
      </object_component>
      <object_component id="oc-73">
         <name>.text:decompress:none:__TI_decompress_none</name>
         <load_address>0x14aac</load_address>
         <run_address>0x14aac</run_address>
         <size>0x12</size>
         <input_file_ref idref="fl-54"/>
      </object_component>
      <object_component id="oc-459">
         <name>.text:strcpy</name>
         <load_address>0x14abe</load_address>
         <run_address>0x14abe</run_address>
         <size>0x12</size>
         <input_file_ref idref="fl-5f"/>
      </object_component>
      <object_component id="oc-7ba">
         <name>.text:toupper</name>
         <load_address>0x14ad0</load_address>
         <run_address>0x14ad0</run_address>
         <size>0x12</size>
         <input_file_ref idref="fl-7b"/>
      </object_component>
      <object_component id="oc-843">
         <name>.text:l_lsr</name>
         <load_address>0x14ae2</load_address>
         <run_address>0x14ae2</run_address>
         <size>0x10</size>
         <input_file_ref idref="fl-67"/>
      </object_component>
      <object_component id="oc-6e4">
         <name>.text:strlen</name>
         <load_address>0x14af2</load_address>
         <run_address>0x14af2</run_address>
         <size>0xe</size>
         <input_file_ref idref="fl-7a"/>
      </object_component>
      <object_component id="oc-889">
         <name>.text:__mspabi_fltid</name>
         <load_address>0x14b00</load_address>
         <run_address>0x14b00</run_address>
         <size>0xc</size>
         <input_file_ref idref="fl-6f"/>
      </object_component>
      <object_component id="oc-688">
         <name>.text:IIC_Wait_Ack</name>
         <load_address>0x14b0c</load_address>
         <run_address>0x14b0c</run_address>
         <size>0xa</size>
         <input_file_ref idref="fl-6"/>
      </object_component>
      <object_component id="oc-86c">
         <name>.text:abs</name>
         <load_address>0x14b16</load_address>
         <run_address>0x14b16</run_address>
         <size>0xa</size>
         <input_file_ref idref="fl-7c"/>
      </object_component>
      <object_component id="oc-697">
         <name>.text</name>
         <load_address>0x14b20</load_address>
         <run_address>0x14b20</run_address>
         <size>0xa</size>
         <input_file_ref idref="fl-45"/>
      </object_component>
      <object_component id="oc-474">
         <name>.text:abort</name>
         <load_address>0x14b2a</load_address>
         <run_address>0x14b2a</run_address>
         <size>0x6</size>
         <input_file_ref idref="fl-5b"/>
      </object_component>
      <object_component id="oc-405">
         <name>.text:_system_pre_init</name>
         <load_address>0x14b30</load_address>
         <run_address>0x14b30</run_address>
         <size>0x4</size>
         <input_file_ref idref="fl-52"/>
      </object_component>
      <object_component id="oc-541">
         <name>.text:_system_post_cinit</name>
         <load_address>0x14b34</load_address>
         <run_address>0x14b34</run_address>
         <size>0x2</size>
         <input_file_ref idref="fl-53"/>
      </object_component>
      <object_component id="oc-398">
         <name>.text:_isr:USCI_A0_ISR</name>
         <load_address>0x4400</load_address>
         <run_address>0x4400</run_address>
         <size>0x3a</size>
         <input_file_ref idref="fl-7"/>
      </object_component>
      <object_component id="oc-392">
         <name>.text:_isr:TIMER1_A0_ISR</name>
         <load_address>0x443a</load_address>
         <run_address>0x443a</run_address>
         <size>0x2e</size>
         <input_file_ref idref="fl-2"/>
      </object_component>
      <object_component id="oc-3b0">
         <name>.text:_isr:_c_int00_noargs</name>
         <load_address>0x4468</load_address>
         <run_address>0x4468</run_address>
         <size>0x1c</size>
         <input_file_ref idref="fl-4d"/>
      </object_component>
      <object_component id="oc-38c">
         <name>.text:_isr:port_2</name>
         <load_address>0x4484</load_address>
         <run_address>0x4484</run_address>
         <size>0x14</size>
         <input_file_ref idref="fl-2"/>
      </object_component>
      <object_component id="oc-387">
         <name>.text:_isr:__TI_ISR_TRAP</name>
         <load_address>0x4498</load_address>
         <run_address>0x4498</run_address>
         <size>0x8</size>
         <input_file_ref idref="fl-44"/>
      </object_component>
      <object_component id="oc-941">
         <name>.cinit..data.load</name>
         <load_address>0x4eae</load_address>
         <run_address>0x4eae</run_address>
         <size>0x21</size>
      </object_component>
      <object_component id="oc-93e">
         <name>__TI_handler_table</name>
         <load_address>0x4ed0</load_address>
         <run_address>0x4ed0</run_address>
         <size>0xc</size>
      </object_component>
      <object_component id="oc-940">
         <name>.cinit..bss.load</name>
         <load_address>0x4edc</load_address>
         <run_address>0x4edc</run_address>
         <size>0x6</size>
      </object_component>
      <object_component id="oc-93f">
         <name>__TI_cinit_table</name>
         <load_address>0x4ee2</load_address>
         <run_address>0x4ee2</run_address>
         <size>0x10</size>
      </object_component>
      <object_component id="oc-668">
         <name>.const:.string:F8X16</name>
         <load_address>0x44a0</load_address>
         <run_address>0x44a0</run_address>
         <size>0x5f0</size>
         <input_file_ref idref="fl-6"/>
      </object_component>
      <object_component id="oc-66b">
         <name>.const:F6x8</name>
         <load_address>0x4a90</load_address>
         <run_address>0x4a90</run_address>
         <size>0x228</size>
         <input_file_ref idref="fl-6"/>
      </object_component>
      <object_component id="oc-792">
         <name>.const:.string:_ctypes_</name>
         <load_address>0x4cb8</load_address>
         <run_address>0x4cb8</run_address>
         <size>0x101</size>
         <input_file_ref idref="fl-76"/>
      </object_component>
      <object_component id="oc-576">
         <name>.const:.string</name>
         <load_address>0x4dba</load_address>
         <run_address>0x4dba</run_address>
         <size>0x6e</size>
         <input_file_ref idref="fl-6"/>
      </object_component>
      <object_component id="oc-458">
         <name>.const:.string</name>
         <load_address>0x4e28</load_address>
         <run_address>0x4e28</run_address>
         <size>0x44</size>
         <input_file_ref idref="fl-2"/>
      </object_component>
      <object_component id="oc-73b">
         <name>.const:.string</name>
         <load_address>0x4e6c</load_address>
         <run_address>0x4e6c</run_address>
         <size>0x26</size>
         <input_file_ref idref="fl-60"/>
      </object_component>
      <object_component id="oc-6e0">
         <name>.const:GPIO_PORT_TO_BASE</name>
         <load_address>0x4e92</load_address>
         <run_address>0x4e92</run_address>
         <size>0x1c</size>
         <input_file_ref idref="fl-4"/>
      </object_component>
      <object_component id="oc-8ce">
         <name>.binit</name>
         <load_address>0x4400</load_address>
         <run_address>0x4400</run_address>
         <size>0x0</size>
      </object_component>
      <object_component id="oc-79">
         <name>.int41</name>
         <load_address>0xffd2</load_address>
         <run_address>0xffd2</run_address>
         <size>0x2</size>
         <input_file_ref idref="fl-31"/>
      </object_component>
      <object_component id="oc-7a">
         <name>.int42</name>
         <load_address>0xffd4</load_address>
         <run_address>0xffd4</run_address>
         <size>0x2</size>
         <input_file_ref idref="fl-2"/>
      </object_component>
      <object_component id="oc-7b">
         <name>.int43</name>
         <load_address>0xffd6</load_address>
         <run_address>0xffd6</run_address>
         <size>0x2</size>
         <input_file_ref idref="fl-32"/>
      </object_component>
      <object_component id="oc-7c">
         <name>.int44</name>
         <load_address>0xffd8</load_address>
         <run_address>0xffd8</run_address>
         <size>0x2</size>
         <input_file_ref idref="fl-33"/>
      </object_component>
      <object_component id="oc-7d">
         <name>.int45</name>
         <load_address>0xffda</load_address>
         <run_address>0xffda</run_address>
         <size>0x2</size>
         <input_file_ref idref="fl-34"/>
      </object_component>
      <object_component id="oc-7e">
         <name>.int46</name>
         <load_address>0xffdc</load_address>
         <run_address>0xffdc</run_address>
         <size>0x2</size>
         <input_file_ref idref="fl-35"/>
      </object_component>
      <object_component id="oc-7f">
         <name>.int47</name>
         <load_address>0xffde</load_address>
         <run_address>0xffde</run_address>
         <size>0x2</size>
         <input_file_ref idref="fl-36"/>
      </object_component>
      <object_component id="oc-80">
         <name>.int48</name>
         <load_address>0xffe0</load_address>
         <run_address>0xffe0</run_address>
         <size>0x2</size>
         <input_file_ref idref="fl-37"/>
      </object_component>
      <object_component id="oc-81">
         <name>.int49</name>
         <load_address>0xffe2</load_address>
         <run_address>0xffe2</run_address>
         <size>0x2</size>
         <input_file_ref idref="fl-2"/>
      </object_component>
      <object_component id="oc-82">
         <name>.int50</name>
         <load_address>0xffe4</load_address>
         <run_address>0xffe4</run_address>
         <size>0x2</size>
         <input_file_ref idref="fl-38"/>
      </object_component>
      <object_component id="oc-83">
         <name>.int51</name>
         <load_address>0xffe6</load_address>
         <run_address>0xffe6</run_address>
         <size>0x2</size>
         <input_file_ref idref="fl-39"/>
      </object_component>
      <object_component id="oc-84">
         <name>.int52</name>
         <load_address>0xffe8</load_address>
         <run_address>0xffe8</run_address>
         <size>0x2</size>
         <input_file_ref idref="fl-3a"/>
      </object_component>
      <object_component id="oc-85">
         <name>.int53</name>
         <load_address>0xffea</load_address>
         <run_address>0xffea</run_address>
         <size>0x2</size>
         <input_file_ref idref="fl-3b"/>
      </object_component>
      <object_component id="oc-86">
         <name>.int54</name>
         <load_address>0xffec</load_address>
         <run_address>0xffec</run_address>
         <size>0x2</size>
         <input_file_ref idref="fl-3c"/>
      </object_component>
      <object_component id="oc-87">
         <name>.int55</name>
         <load_address>0xffee</load_address>
         <run_address>0xffee</run_address>
         <size>0x2</size>
         <input_file_ref idref="fl-3d"/>
      </object_component>
      <object_component id="oc-88">
         <name>.int56</name>
         <load_address>0xfff0</load_address>
         <run_address>0xfff0</run_address>
         <size>0x2</size>
         <input_file_ref idref="fl-7"/>
      </object_component>
      <object_component id="oc-89">
         <name>.int57</name>
         <load_address>0xfff2</load_address>
         <run_address>0xfff2</run_address>
         <size>0x2</size>
         <input_file_ref idref="fl-3e"/>
      </object_component>
      <object_component id="oc-8a">
         <name>.int58</name>
         <load_address>0xfff4</load_address>
         <run_address>0xfff4</run_address>
         <size>0x2</size>
         <input_file_ref idref="fl-3f"/>
      </object_component>
      <object_component id="oc-8b">
         <name>.int59</name>
         <load_address>0xfff6</load_address>
         <run_address>0xfff6</run_address>
         <size>0x2</size>
         <input_file_ref idref="fl-40"/>
      </object_component>
      <object_component id="oc-8c">
         <name>.int60</name>
         <load_address>0xfff8</load_address>
         <run_address>0xfff8</run_address>
         <size>0x2</size>
         <input_file_ref idref="fl-41"/>
      </object_component>
      <object_component id="oc-8d">
         <name>.int61</name>
         <load_address>0xfffa</load_address>
         <run_address>0xfffa</run_address>
         <size>0x2</size>
         <input_file_ref idref="fl-42"/>
      </object_component>
      <object_component id="oc-8e">
         <name>.int62</name>
         <load_address>0xfffc</load_address>
         <run_address>0xfffc</run_address>
         <size>0x2</size>
         <input_file_ref idref="fl-43"/>
      </object_component>
      <object_component id="oc-36e">
         <name>.reset</name>
         <load_address>0xfffe</load_address>
         <run_address>0xfffe</run_address>
         <size>0x2</size>
         <input_file_ref idref="fl-4d"/>
      </object_component>
      <object_component id="oc-3f8">
         <name>.debug_info</name>
         <load_address>0x0</load_address>
         <run_address>0x0</run_address>
         <size>0x549</size>
         <input_file_ref idref="fl-2"/>
      </object_component>
      <object_component id="oc-3ed">
         <name>.debug_info</name>
         <load_address>0x549</load_address>
         <run_address>0x549</run_address>
         <size>0x154</size>
         <input_file_ref idref="fl-2"/>
      </object_component>
      <object_component id="oc-456">
         <name>.debug_info</name>
         <load_address>0x69d</load_address>
         <run_address>0x69d</run_address>
         <size>0xd3</size>
         <input_file_ref idref="fl-2"/>
      </object_component>
      <object_component id="oc-46b">
         <name>.debug_info</name>
         <load_address>0x770</load_address>
         <run_address>0x770</run_address>
         <size>0xd3</size>
         <input_file_ref idref="fl-2"/>
      </object_component>
      <object_component id="oc-40c">
         <name>.debug_info</name>
         <load_address>0x843</load_address>
         <run_address>0x843</run_address>
         <size>0x256</size>
         <input_file_ref idref="fl-2"/>
      </object_component>
      <object_component id="oc-4b9">
         <name>.debug_info</name>
         <load_address>0xa99</load_address>
         <run_address>0xa99</run_address>
         <size>0x101</size>
         <input_file_ref idref="fl-2"/>
      </object_component>
      <object_component id="oc-44a">
         <name>.debug_info</name>
         <load_address>0xb9a</load_address>
         <run_address>0xb9a</run_address>
         <size>0x189</size>
         <input_file_ref idref="fl-2"/>
      </object_component>
      <object_component id="oc-4d7">
         <name>.debug_info</name>
         <load_address>0xd23</load_address>
         <run_address>0xd23</run_address>
         <size>0xff</size>
         <input_file_ref idref="fl-2"/>
      </object_component>
      <object_component id="oc-46e">
         <name>.debug_info</name>
         <load_address>0xe22</load_address>
         <run_address>0xe22</run_address>
         <size>0x1c1</size>
         <input_file_ref idref="fl-2"/>
      </object_component>
      <object_component id="oc-4e3">
         <name>.debug_info</name>
         <load_address>0xfe3</load_address>
         <run_address>0xfe3</run_address>
         <size>0x109</size>
         <input_file_ref idref="fl-2"/>
      </object_component>
      <object_component id="oc-38d">
         <name>.debug_info</name>
         <load_address>0x10ec</load_address>
         <run_address>0x10ec</run_address>
         <size>0xfa</size>
         <input_file_ref idref="fl-2"/>
      </object_component>
      <object_component id="oc-393">
         <name>.debug_info</name>
         <load_address>0x11e6</load_address>
         <run_address>0x11e6</run_address>
         <size>0x11a</size>
         <input_file_ref idref="fl-2"/>
      </object_component>
      <object_component id="oc-435">
         <name>.debug_info</name>
         <load_address>0x1300</load_address>
         <run_address>0x1300</run_address>
         <size>0x26b</size>
         <input_file_ref idref="fl-2"/>
      </object_component>
      <object_component id="oc-375">
         <name>.debug_info</name>
         <load_address>0x156b</load_address>
         <run_address>0x156b</run_address>
         <size>0x84</size>
         <input_file_ref idref="fl-2"/>
      </object_component>
      <object_component id="oc-43f">
         <name>.debug_info</name>
         <load_address>0x15ef</load_address>
         <run_address>0x15ef</run_address>
         <size>0x1a5</size>
         <input_file_ref idref="fl-2"/>
      </object_component>
      <object_component id="oc-4b3">
         <name>.debug_info</name>
         <load_address>0x1794</load_address>
         <run_address>0x1794</run_address>
         <size>0x282</size>
         <input_file_ref idref="fl-2"/>
      </object_component>
      <object_component id="oc-6ca">
         <name>.debug_info</name>
         <load_address>0x1a16</load_address>
         <run_address>0x1a16</run_address>
         <size>0x2c</size>
         <input_file_ref idref="fl-2"/>
      </object_component>
      <object_component id="oc-43a">
         <name>.debug_info</name>
         <load_address>0x1a42</load_address>
         <run_address>0x1a42</run_address>
         <size>0x35</size>
         <input_file_ref idref="fl-2"/>
      </object_component>
      <object_component id="oc-5b8">
         <name>.debug_info</name>
         <load_address>0x1a77</load_address>
         <run_address>0x1a77</run_address>
         <size>0x285</size>
         <input_file_ref idref="fl-3"/>
      </object_component>
      <object_component id="oc-51c">
         <name>.debug_info</name>
         <load_address>0x1cfc</load_address>
         <run_address>0x1cfc</run_address>
         <size>0xd2</size>
         <input_file_ref idref="fl-3"/>
      </object_component>
      <object_component id="oc-4c0">
         <name>.debug_info</name>
         <load_address>0x1dce</load_address>
         <run_address>0x1dce</run_address>
         <size>0x106</size>
         <input_file_ref idref="fl-3"/>
      </object_component>
      <object_component id="oc-460">
         <name>.debug_info</name>
         <load_address>0x1ed4</load_address>
         <run_address>0x1ed4</run_address>
         <size>0x12a</size>
         <input_file_ref idref="fl-3"/>
      </object_component>
      <object_component id="oc-732">
         <name>.debug_info</name>
         <load_address>0x1ffe</load_address>
         <run_address>0x1ffe</run_address>
         <size>0x15e</size>
         <input_file_ref idref="fl-4"/>
      </object_component>
      <object_component id="oc-6e1">
         <name>.debug_info</name>
         <load_address>0x215c</load_address>
         <run_address>0x215c</run_address>
         <size>0xec</size>
         <input_file_ref idref="fl-4"/>
      </object_component>
      <object_component id="oc-6a6">
         <name>.debug_info</name>
         <load_address>0x2248</load_address>
         <run_address>0x2248</run_address>
         <size>0x1f6</size>
         <input_file_ref idref="fl-4"/>
      </object_component>
      <object_component id="oc-6db">
         <name>.debug_info</name>
         <load_address>0x243e</load_address>
         <run_address>0x243e</run_address>
         <size>0x200</size>
         <input_file_ref idref="fl-4"/>
      </object_component>
      <object_component id="oc-605">
         <name>.debug_info</name>
         <load_address>0x263e</load_address>
         <run_address>0x263e</run_address>
         <size>0x120</size>
         <input_file_ref idref="fl-5"/>
      </object_component>
      <object_component id="oc-612">
         <name>.debug_info</name>
         <load_address>0x275e</load_address>
         <run_address>0x275e</run_address>
         <size>0x11e</size>
         <input_file_ref idref="fl-5"/>
      </object_component>
      <object_component id="oc-61f">
         <name>.debug_info</name>
         <load_address>0x287c</load_address>
         <run_address>0x287c</run_address>
         <size>0x13b</size>
         <input_file_ref idref="fl-5"/>
      </object_component>
      <object_component id="oc-69e">
         <name>.debug_info</name>
         <load_address>0x29b7</load_address>
         <run_address>0x29b7</run_address>
         <size>0x150</size>
         <input_file_ref idref="fl-5"/>
      </object_component>
      <object_component id="oc-60b">
         <name>.debug_info</name>
         <load_address>0x2b07</load_address>
         <run_address>0x2b07</run_address>
         <size>0x18d</size>
         <input_file_ref idref="fl-5"/>
      </object_component>
      <object_component id="oc-618">
         <name>.debug_info</name>
         <load_address>0x2c94</load_address>
         <run_address>0x2c94</run_address>
         <size>0x16f</size>
         <input_file_ref idref="fl-5"/>
      </object_component>
      <object_component id="oc-57b">
         <name>.debug_info</name>
         <load_address>0x2e03</load_address>
         <run_address>0x2e03</run_address>
         <size>0x1f5</size>
         <input_file_ref idref="fl-5"/>
      </object_component>
      <object_component id="oc-584">
         <name>.debug_info</name>
         <load_address>0x2ff8</load_address>
         <run_address>0x2ff8</run_address>
         <size>0x210</size>
         <input_file_ref idref="fl-5"/>
      </object_component>
      <object_component id="oc-4eb">
         <name>.debug_info</name>
         <load_address>0x3208</load_address>
         <run_address>0x3208</run_address>
         <size>0x1a5</size>
         <input_file_ref idref="fl-5"/>
      </object_component>
      <object_component id="oc-4d1">
         <name>.debug_info</name>
         <load_address>0x33ad</load_address>
         <run_address>0x33ad</run_address>
         <size>0x188</size>
         <input_file_ref idref="fl-5"/>
      </object_component>
      <object_component id="oc-450">
         <name>.debug_info</name>
         <load_address>0x3535</load_address>
         <run_address>0x3535</run_address>
         <size>0x23c</size>
         <input_file_ref idref="fl-5"/>
      </object_component>
      <object_component id="oc-5c0">
         <name>.debug_info</name>
         <load_address>0x3771</load_address>
         <run_address>0x3771</run_address>
         <size>0x243</size>
         <input_file_ref idref="fl-6"/>
      </object_component>
      <object_component id="oc-66c">
         <name>.debug_info</name>
         <load_address>0x39b4</load_address>
         <run_address>0x39b4</run_address>
         <size>0xd0</size>
         <input_file_ref idref="fl-6"/>
      </object_component>
      <object_component id="oc-669">
         <name>.debug_info</name>
         <load_address>0x3a84</load_address>
         <run_address>0x3a84</run_address>
         <size>0xd2</size>
         <input_file_ref idref="fl-6"/>
      </object_component>
      <object_component id="oc-67f">
         <name>.debug_info</name>
         <load_address>0x3b56</load_address>
         <run_address>0x3b56</run_address>
         <size>0x10e</size>
         <input_file_ref idref="fl-6"/>
      </object_component>
      <object_component id="oc-690">
         <name>.debug_info</name>
         <load_address>0x3c64</load_address>
         <run_address>0x3c64</run_address>
         <size>0x10c</size>
         <input_file_ref idref="fl-6"/>
      </object_component>
      <object_component id="oc-68a">
         <name>.debug_info</name>
         <load_address>0x3d70</load_address>
         <run_address>0x3d70</run_address>
         <size>0x114</size>
         <input_file_ref idref="fl-6"/>
      </object_component>
      <object_component id="oc-685">
         <name>.debug_info</name>
         <load_address>0x3e84</load_address>
         <run_address>0x3e84</run_address>
         <size>0x171</size>
         <input_file_ref idref="fl-6"/>
      </object_component>
      <object_component id="oc-5ff">
         <name>.debug_info</name>
         <load_address>0x3ff5</load_address>
         <run_address>0x3ff5</run_address>
         <size>0x1f4</size>
         <input_file_ref idref="fl-6"/>
      </object_component>
      <object_component id="oc-5f8">
         <name>.debug_info</name>
         <load_address>0x41e9</load_address>
         <run_address>0x41e9</run_address>
         <size>0x1e2</size>
         <input_file_ref idref="fl-6"/>
      </object_component>
      <object_component id="oc-56c">
         <name>.debug_info</name>
         <load_address>0x43cb</load_address>
         <run_address>0x43cb</run_address>
         <size>0x17f</size>
         <input_file_ref idref="fl-6"/>
      </object_component>
      <object_component id="oc-567">
         <name>.debug_info</name>
         <load_address>0x454a</load_address>
         <run_address>0x454a</run_address>
         <size>0x149</size>
         <input_file_ref idref="fl-6"/>
      </object_component>
      <object_component id="oc-664">
         <name>.debug_info</name>
         <load_address>0x4693</load_address>
         <run_address>0x4693</run_address>
         <size>0x17b</size>
         <input_file_ref idref="fl-6"/>
      </object_component>
      <object_component id="oc-573">
         <name>.debug_info</name>
         <load_address>0x480e</load_address>
         <run_address>0x480e</run_address>
         <size>0x174</size>
         <input_file_ref idref="fl-6"/>
      </object_component>
      <object_component id="oc-5c4">
         <name>.debug_info</name>
         <load_address>0x4982</load_address>
         <run_address>0x4982</run_address>
         <size>0x238</size>
         <input_file_ref idref="fl-6"/>
      </object_component>
      <object_component id="oc-525">
         <name>.debug_info</name>
         <load_address>0x4bba</load_address>
         <run_address>0x4bba</run_address>
         <size>0x1cc</size>
         <input_file_ref idref="fl-6"/>
      </object_component>
      <object_component id="oc-52b">
         <name>.debug_info</name>
         <load_address>0x4d86</load_address>
         <run_address>0x4d86</run_address>
         <size>0x1c1</size>
         <input_file_ref idref="fl-6"/>
      </object_component>
      <object_component id="oc-4c7">
         <name>.debug_info</name>
         <load_address>0x4f47</load_address>
         <run_address>0x4f47</run_address>
         <size>0x35f</size>
         <input_file_ref idref="fl-6"/>
      </object_component>
      <object_component id="oc-4df">
         <name>.debug_info</name>
[...]
         <value>0x139de</value>
         <object_component_ref idref="oc-4f9"/>
      </symbol>
      <symbol id="sm-5eb">
         <name>__mspabi_fltif</name>
         <value>0x14662</value>
         <object_component_ref idref="oc-4ef"/>
      </symbol>
      <symbol id="sm-5ef">
         <name>__TI_int41</name>
         <value>0xffd2</value>
         <object_component_ref idref="oc-79"/>
      </symbol>
      <symbol id="sm-5f2">
         <name>__TI_int43</name>
         <value>0xffd6</value>
         <object_component_ref idref="oc-7b"/>
      </symbol>
      <symbol id="sm-5f5">
         <name>__TI_int44</name>
         <value>0xffd8</value>
         <object_component_ref idref="oc-7c"/>
      </symbol>
      <symbol id="sm-5f8">
         <name>__TI_int45</name>
         <value>0xffda</value>
         <object_component_ref idref="oc-7d"/>
      </symbol>
      <symbol id="sm-5fb">
         <name>__TI_int46</name>
         <value>0xffdc</value>
         <object_component_ref idref="oc-7e"/>
      </symbol>
      <symbol id="sm-5fe">
         <name>__TI_int47</name>
         <value>0xffde</value>
         <object_component_ref idref="oc-7f"/>
      </symbol>
      <symbol id="sm-601">
         <name>__TI_int48</name>
         <value>0xffe0</value>
         <object_component_ref idref="oc-80"/>
      </symbol>
      <symbol id="sm-604">
         <name>__TI_int50</name>
         <value>0xffe4</value>
         <object_component_ref idref="oc-82"/>
      </symbol>
      <symbol id="sm-607">
         <name>__TI_int51</name>
         <value>0xffe6</value>
         <object_component_ref idref="oc-83"/>
      </symbol>
      <symbol id="sm-60a">
         <name>__TI_int52</name>
         <value>0xffe8</value>
         <object_component_ref idref="oc-84"/>
      </symbol>
      <symbol id="sm-60d">
         <name>__TI_int53</name>
         <value>0xffea</value>
         <object_component_ref idref="oc-85"/>
      </symbol>
      <symbol id="sm-610">
         <name>__TI_int54</name>
         <value>0xffec</value>
         <object_component_ref idref="oc-86"/>
      </symbol>
      <symbol id="sm-613">
         <name>__TI_int55</name>
         <value>0xffee</value>
         <object_component_ref idref="oc-87"/>
      </symbol>
      <symbol id="sm-616">
         <name>__TI_int57</name>
         <value>0xfff2</value>
         <object_component_ref idref="oc-89"/>
      </symbol>
      <symbol id="sm-619">
         <name>__TI_int58</name>
         <value>0xfff4</value>
         <object_component_ref idref="oc-8a"/>
      </symbol>
      <symbol id="sm-61c">
         <name>__TI_int59</name>
         <value>0xfff6</value>
         <object_component_ref idref="oc-8b"/>
      </symbol>
      <symbol id="sm-61f">
         <name>__TI_int60</name>
         <value>0xfff8</value>
         <object_component_ref idref="oc-8c"/>
      </symbol>
      <symbol id="sm-622">
         <name>__TI_int61</name>
         <value>0xfffa</value>
         <object_component_ref idref="oc-8d"/>
      </symbol>
      <symbol id="sm-625">
         <name>__TI_int62</name>
         <value>0xfffc</value>
         <object_component_ref idref="oc-8e"/>
      </symbol>
      <symbol id="sm-62d">
         <name>__TI_ISR_TRAP</name>
         <value>0x4498</value>
         <object_component_ref idref="oc-387"/>
      </symbol>
      <symbol id="sm-636">
         <name>__mspabi_slli</name>
         <value>0x14b20</value>
         <object_component_ref idref="oc-697"/>
      </symbol>
      <symbol id="sm-63f">
         <name>__mspabi_mpyi_f5hw</name>
         <value>0x14a02</value>
         <object_component_ref idref="oc-5e9"/>
      </symbol>
      <symbol id="sm-649">
         <name>__mspabi_mpyl_f5hw</name>
         <value>0x14962</value>
         <object_component_ref idref="oc-643"/>
      </symbol>
      <symbol id="sm-651">
         <name>__mspabi_mpyull_f5hw</name>
         <value>0x14878</value>
         <object_component_ref idref="oc-630"/>
      </symbol>
      <symbol id="sm-659">
         <name>__mspabi_mpyll_f5hw</name>
         <value>0x13f88</value>
         <object_component_ref idref="oc-62b"/>
      </symbol>
      <symbol id="sm-669">
         <name>_stack</name>
         <value>0x4360</value>
         <object_component_ref idref="oc-36b"/>
      </symbol>
      <symbol id="sm-66a">
         <name>_c_int00_noargs</name>
         <value>0x4468</value>
         <object_component_ref idref="oc-3b0"/>
      </symbol>
      <symbol id="sm-66b">
         <name>_reset_vector</name>
         <value>0xfffe</value>
         <object_component_ref idref="oc-36e"/>
      </symbol>
      <symbol id="sm-68e">
         <name>__TI_auto_init_nobinit_nopinit_hold_wdt</name>
         <value>0x14198</value>
         <object_component_ref idref="oc-498"/>
      </symbol>
      <symbol id="sm-6a1">
         <name>__TI_zero_init_nomemset</name>
         <value>0x1493e</value>
         <object_component_ref idref="oc-39e"/>
      </symbol>
      <symbol id="sm-6b1">
         <name>_system_pre_init</name>
         <value>0x14b30</value>
         <object_component_ref idref="oc-405"/>
      </symbol>
      <symbol id="sm-6ba">
         <name>_system_post_cinit</name>
         <value>0x14b34</value>
         <object_component_ref idref="oc-541"/>
      </symbol>
      <symbol id="sm-6cb">
         <name>__TI_decompress_none</name>
         <value>0x14aac</value>
         <object_component_ref idref="oc-73"/>
      </symbol>
      <symbol id="sm-6ee">
         <name>__TI_decompress_lzss</name>
         <value>0x13be2</value>
         <object_component_ref idref="oc-6d"/>
      </symbol>
      <symbol id="sm-708">
         <name>__mspabi_cvtdf</name>
         <value>0x134d8</value>
         <object_component_ref idref="oc-510"/>
      </symbol>
      <symbol id="sm-716">
         <name>__mspabi_cvtfd</name>
         <value>0x13e66</value>
         <object_component_ref idref="oc-4fe"/>
      </symbol>
      <symbol id="sm-73c">
         <name>__mspabi_divd</name>
         <value>0x11b1e</value>
         <object_component_ref idref="oc-50a"/>
      </symbol>
      <symbol id="sm-757">
         <name>__TI_frcdivd</name>
         <value>0x1072a</value>
         <object_component_ref idref="oc-5a5"/>
      </symbol>
      <symbol id="sm-77c">
         <name>__mspabi_mpyd</name>
         <value>0x11186</value>
         <object_component_ref idref="oc-504"/>
      </symbol>
      <symbol id="sm-786">
         <name>C$$EXIT</name>
         <value>0x14b2a</value>
         <object_component_ref idref="oc-474"/>
      </symbol>
      <symbol id="sm-787">
         <name>abort</name>
         <value>0x14b2a</value>
         <object_component_ref idref="oc-474"/>
      </symbol>
      <symbol id="sm-797">
         <name>memcpy</name>
         <value>0x14a86</value>
         <object_component_ref idref="oc-37a"/>
      </symbol>
      <symbol id="sm-7a4">
         <name>strcpy</name>
         <value>0x14abe</value>
         <object_component_ref idref="oc-459"/>
      </symbol>
      <symbol id="sm-973">
         <name>__TI_printfi</name>
         <value>0x10ee0</value>
         <object_component_ref idref="oc-6c2"/>
      </symbol>
      <symbol id="sm-98f">
         <name>frexpl</name>
         <value>0x136da</value>
         <object_component_ref idref="oc-82e"/>
      </symbol>
      <symbol id="sm-990">
         <name>frexp</name>
         <value>0x136da</value>
         <object_component_ref idref="oc-82e"/>
      </symbol>
      <symbol id="sm-9a9">
         <name>scalbn</name>
         <value>0x12972</value>
         <object_component_ref idref="oc-87d"/>
      </symbol>
      <symbol id="sm-9aa">
         <name>scalbnl</name>
         <value>0x12972</value>
         <object_component_ref idref="oc-87d"/>
      </symbol>
      <symbol id="sm-9ab">
         <name>ldexpl</name>
         <value>0x12972</value>
         <object_component_ref idref="oc-87d"/>
      </symbol>
      <symbol id="sm-9ac">
         <name>ldexp</name>
         <value>0x12972</value>
         <object_component_ref idref="oc-87d"/>
      </symbol>
      <symbol id="sm-9b5">
         <name>copysign</name>
         <value>0x1481e</value>
         <object_component_ref idref="oc-8ad"/>
      </symbol>
      <symbol id="sm-9b6">
         <name>copysignl</name>
         <value>0x1481e</value>
         <object_component_ref idref="oc-8ad"/>
      </symbol>
      <symbol id="sm-9ce">
         <name>wcslen</name>
         <value>0x14a5c</value>
         <object_component_ref idref="oc-765"/>
      </symbol>
      <symbol id="sm-9d6">
         <name>__mspabi_sral_15</name>
         <value>0x1448c</value>
         <object_component_ref idref="oc-58d"/>
      </symbol>
      <symbol id="sm-9d7">
         <name>__mspabi_sral_14</name>
         <value>0x14490</value>
         <object_component_ref idref="oc-58d"/>
      </symbol>
      <symbol id="sm-9d8">
         <name>__mspabi_sral_13</name>
         <value>0x14494</value>
         <object_component_ref idref="oc-58d"/>
      </symbol>
      <symbol id="sm-9d9">
         <name>__mspabi_sral_12</name>
         <value>0x14498</value>
         <object_component_ref idref="oc-58d"/>
      </symbol>
      <symbol id="sm-9da">
         <name>__mspabi_sral_11</name>
         <value>0x1449c</value>
         <object_component_ref idref="oc-58d"/>
      </symbol>
      <symbol id="sm-9db">
         <name>__mspabi_sral_10</name>
         <value>0x144a0</value>
         <object_component_ref idref="oc-58d"/>
      </symbol>
      <symbol id="sm-9dc">
         <name>__mspabi_sral_8</name>
         <value>0x144a8</value>
         <object_component_ref idref="oc-58d"/>
      </symbol>
      <symbol id="sm-9dd">
         <name>__mspabi_sral_9</name>
         <value>0x144a4</value>
         <object_component_ref idref="oc-58d"/>
      </symbol>
      <symbol id="sm-9de">
         <name>__mspabi_sral_6</name>
         <value>0x144b0</value>
         <object_component_ref idref="oc-58d"/>
      </symbol>
      <symbol id="sm-9df">
         <name>__mspabi_sral_7</name>
         <value>0x144ac</value>
         <object_component_ref idref="oc-58d"/>
      </symbol>
      <symbol id="sm-9e0">
         <name>__mspabi_sral_4</name>
         <value>0x144b8</value>
         <object_component_ref idref="oc-58d"/>
      </symbol>
      <symbol id="sm-9e1">
         <name>__mspabi_sral_5</name>
         <value>0x144b4</value>
         <object_component_ref idref="oc-58d"/>
      </symbol>
      <symbol id="sm-9e2">
         <name>__mspabi_sral_2</name>
         <value>0x144c0</value>
         <object_component_ref idref="oc-58d"/>
      </symbol>
      <symbol id="sm-9e3">
         <name>__mspabi_sral_3</name>
         <value>0x144bc</value>
         <object_component_ref idref="oc-58d"/>
      </symbol>
      <symbol id="sm-9e4">
         <name>__mspabi_sral_1</name>
         <value>0x144c4</value>
         <object_component_ref idref="oc-58d"/>
      </symbol>
      <symbol id="sm-9ec">
         <name>__mspabi_slll_9</name>
         <value>0x144e2</value>
         <object_component_ref idref="oc-5ad"/>
      </symbol>
      <symbol id="sm-9ed">
         <name>__mspabi_slll_8</name>
         <value>0x144e6</value>
         <object_component_ref idref="oc-5ad"/>
      </symbol>
      <symbol id="sm-9ee">
         <name>__mspabi_slll_7</name>
         <value>0x144ea</value>
         <object_component_ref idref="oc-5ad"/>
      </symbol>
      <symbol id="sm-9ef">
         <name>__mspabi_slll_6</name>
         <value>0x144ee</value>
         <object_component_ref idref="oc-5ad"/>
      </symbol>
      <symbol id="sm-9f0">
         <name>__mspabi_slll_5</name>
         <value>0x144f2</value>
         <object_component_ref idref="oc-5ad"/>
      </symbol>
      <symbol id="sm-9f1">
         <name>__mspabi_slll_4</name>
         <value>0x144f6</value>
         <object_component_ref idref="oc-5ad"/>
      </symbol>
      <symbol id="sm-9f2">
         <name>__mspabi_slll_3</name>
         <value>0x144fa</value>
         <object_component_ref idref="oc-5ad"/>
      </symbol>
      <symbol id="sm-9f3">
         <name>__mspabi_slll_2</name>
         <value>0x144fe</value>
         <object_component_ref idref="oc-5ad"/>
      </symbol>
      <symbol id="sm-9f4">
         <name>__mspabi_slll_1</name>
         <value>0x14502</value>
         <object_component_ref idref="oc-5ad"/>
      </symbol>
      <symbol id="sm-9f5">
         <name>__mspabi_slll_15</name>
         <value>0x144ca</value>
         <object_component_ref idref="oc-5ad"/>
      </symbol>
      <symbol id="sm-9f6">
         <name>__mspabi_slll_14</name>
         <value>0x144ce</value>
         <object_component_ref idref="oc-5ad"/>
      </symbol>
      <symbol id="sm-9f7">
         <name>__mspabi_slll_13</name>
         <value>0x144d2</value>
         <object_component_ref idref="oc-5ad"/>
      </symbol>
      <symbol id="sm-9f8">
         <name>__mspabi_slll_12</name>
         <value>0x144d6</value>
         <object_component_ref idref="oc-5ad"/>
      </symbol>
      <symbol id="sm-9f9">
         <name>__mspabi_slll_11</name>
         <value>0x144da</value>
         <object_component_ref idref="oc-5ad"/>
      </symbol>
      <symbol id="sm-9fa">
         <name>__mspabi_slll_10</name>
         <value>0x144de</value>
         <object_component_ref idref="oc-5ad"/>
      </symbol>
      <symbol id="sm-a0a">
         <name>__mspabi_srll_8</name>
         <value>0x14524</value>
         <object_component_ref idref="oc-63e"/>
      </symbol>
      <symbol id="sm-a0b">
         <name>__mspabi_srll_9</name>
         <value>0x14520</value>
         <object_component_ref idref="oc-63e"/>
      </symbol>
      <symbol id="sm-a0c">
         <name>__mspabi_srll_6</name>
         <value>0x1452c</value>
         <object_component_ref idref="oc-63e"/>
      </symbol>
      <symbol id="sm-a0d">
         <name>__mspabi_srll_7</name>
         <value>0x14528</value>
         <object_component_ref idref="oc-63e"/>
      </symbol>
      <symbol id="sm-a0e">
         <name>__mspabi_srll_4</name>
         <value>0x14534</value>
         <object_component_ref idref="oc-63e"/>
      </symbol>
      <symbol id="sm-a0f">
         <name>__mspabi_srll_5</name>
         <value>0x14530</value>
         <object_component_ref idref="oc-63e"/>
      </symbol>
      <symbol id="sm-a10">
         <name>__mspabi_srll_2</name>
         <value>0x1453c</value>
         <object_component_ref idref="oc-63e"/>
      </symbol>
      <symbol id="sm-a11">
         <name>__mspabi_srll_3</name>
         <value>0x14538</value>
         <object_component_ref idref="oc-63e"/>
      </symbol>
      <symbol id="sm-a12">
         <name>__mspabi_srll_1</name>
         <value>0x14540</value>
         <object_component_ref idref="oc-63e"/>
      </symbol>
      <symbol id="sm-a13">
         <name>__mspabi_srll_15</name>
         <value>0x14508</value>
         <object_component_ref idref="oc-63e"/>
      </symbol>
      <symbol id="sm-a14">
         <name>__mspabi_srll_14</name>
         <value>0x1450c</value>
         <object_component_ref idref="oc-63e"/>
      </symbol>
      <symbol id="sm-a15">
         <name>__mspabi_srll_13</name>
         <value>0x14510</value>
         <object_component_ref idref="oc-63e"/>
      </symbol>
      <symbol id="sm-a16">
         <name>__mspabi_srll_12</name>
         <value>0x14514</value>
         <object_component_ref idref="oc-63e"/>
      </symbol>
      <symbol id="sm-a17">
         <name>__mspabi_srll_11</name>
         <value>0x14518</value>
         <object_component_ref idref="oc-63e"/>
      </symbol>
      <symbol id="sm-a18">
         <name>__mspabi_srll_10</name>
         <value>0x1451c</value>
         <object_component_ref idref="oc-63e"/>
      </symbol>
      <symbol id="sm-a19">
         <name>__mspabi_srll</name>
         <value>0x14ae2</value>
         <object_component_ref idref="oc-843"/>
      </symbol>
      <symbol id="sm-a27">
         <name>__mspabi_srlll</name>
         <value>0x145ba</value>
         <object_component_ref idref="oc-635"/>
      </symbol>
      <symbol id="sm-a5a">
         <name>__mspabi_divull</name>
         <value>0x10b92</value>
         <object_component_ref idref="oc-7f5"/>
      </symbol>
      <symbol id="sm-a94">
         <name>__mspabi_addd</name>
         <value>0x10000</value>
         <object_component_ref idref="oc-89d"/>
      </symbol>
      <symbol id="sm-aae">
         <name>__mspabi_cmpd</name>
         <value>0x13338</value>
         <object_component_ref idref="oc-7de"/>
      </symbol>
      <symbol id="sm-abb">
         <name>__mspabi_fixdi</name>
         <value>0x148a4</value>
         <object_component_ref idref="oc-865"/>
      </symbol>
      <symbol id="sm-aca">
         <name>__mspabi_fixdli</name>
         <value>0x13d9c</value>
         <object_component_ref idref="oc-84d"/>
      </symbol>
      <symbol id="sm-ad3">
         <name>__mspabi_fltid</name>
         <value>0x14b00</value>
         <object_component_ref idref="oc-889"/>
      </symbol>
      <symbol id="sm-aeb">
         <name>__mspabi_fltlid</name>
         <value>0x13820</value>
         <object_component_ref idref="oc-859"/>
      </symbol>
      <symbol id="sm-af6">
         <name>__TI_frcmpyd</name>
         <value>0x1280e</value>
         <object_component_ref idref="oc-598"/>
      </symbol>
      <symbol id="sm-aff">
         <name>__mspabi_negd</name>
         <value>0x147f0</value>
         <object_component_ref idref="oc-7c0"/>
      </symbol>
      <symbol id="sm-b08">
         <name>__mspabi_subd</name>
         <value>0x146fe</value>
         <object_component_ref idref="oc-85f"/>
      </symbol>
      <symbol id="sm-b17">
         <name>__TI_ltoa</name>
         <value>0x13a6e</value>
         <object_component_ref idref="oc-853"/>
      </symbol>
      <symbol id="sm-b2a">
         <name>atoi</name>
         <value>0x13eca</value>
         <object_component_ref idref="oc-756"/>
      </symbol>
      <symbol id="sm-b34">
         <name>_ctypes_</name>
         <value>0x4cb8</value>
         <object_component_ref idref="oc-792"/>
      </symbol>
      <symbol id="sm-b43">
         <name>memccpy</name>
         <value>0x14918</value>
         <object_component_ref idref="oc-742"/>
      </symbol>
      <symbol id="sm-b51">
         <name>memset</name>
         <value>0x14a30</value>
         <object_component_ref idref="oc-735"/>
      </symbol>
      <symbol id="sm-b60">
         <name>strchr</name>
         <value>0x149e6</value>
         <object_component_ref idref="oc-883"/>
      </symbol>
      <symbol id="sm-b6d">
         <name>strlen</name>
         <value>0x14af2</value>
         <object_component_ref idref="oc-6e4"/>
      </symbol>
      <symbol id="sm-b7a">
         <name>toupper</name>
         <value>0x14ad0</value>
         <object_component_ref idref="oc-7ba"/>
      </symbol>
      <symbol id="sm-b84">
         <name>abs</name>
         <value>0x14b16</value>
         <object_component_ref idref="oc-86c"/>
      </symbol>
      <symbol id="sm-b8b">
         <name>errno</name>
         <value>0x241c</value>
         <object_component_ref idref="oc-76b"/>
      </symbol>
      <symbol id="sm-b97">
         <name>__mspabi_remli</name>
         <value>0x14354</value>
         <object_component_ref idref="oc-894"/>
      </symbol>
      <symbol id="sm-b98">
         <name>__mspabi_divli</name>
         <value>0x14354</value>
         <object_component_ref idref="oc-894"/>
      </symbol>
      <symbol id="sm-ba7">
         <name>__mspabi_srall</name>
         <value>0x14314</value>
         <object_component_ref idref="oc-8bd"/>
      </symbol>
      <symbol id="sm-bb4">
         <name>__mspabi_sllll</name>
         <value>0x14580</value>
         <object_component_ref idref="oc-625"/>
      </symbol>
   </symbol_table>
   <title>Link successful</title>
</link_info>
